Archive member included to satisfy reference by file (symbol)

/usr/lib/gcc/arm-none-eabi/9.2.1/thumb/v6-m/nofp/libgcc.a(_udivsi3.o)
                              CMakeFiles/esc_adapter.elf.dir/Core/Src/system_stm32f0xx.c.obj (__aeabi_uidiv)
/usr/lib/gcc/arm-none-eabi/9.2.1/thumb/v6-m/nofp/libgcc.a(_dvmd_tls.o)
                              /usr/lib/gcc/arm-none-eabi/9.2.1/thumb/v6-m/nofp/libgcc.a(_udivsi3.o) (__aeabi_idiv0)
/usr/lib/gcc/arm-none-eabi/9.2.1/../../../arm-none-eabi/lib/thumb/v6-m/nofp/libg.a(lib_a-atexit.o)
                              /usr/lib/gcc/arm-none-eabi/9.2.1/../../../arm-none-eabi/lib/thumb/v6-m/nofp/crt0.o (atexit)
/usr/lib/gcc/arm-none-eabi/9.2.1/../../../arm-none-eabi/lib/thumb/v6-m/nofp/libg.a(lib_a-errno.o)
                              CMakeFiles/esc_adapter.elf.dir/Core/Src/syscalls.c.obj (__errno)
/usr/lib/gcc/arm-none-eabi/9.2.1/../../../arm-none-eabi/lib/thumb/v6-m/nofp/libg.a(lib_a-exit.o)
                              /usr/lib/gcc/arm-none-eabi/9.2.1/../../../arm-none-eabi/lib/thumb/v6-m/nofp/crt0.o (exit)
/usr/lib/gcc/arm-none-eabi/9.2.1/../../../arm-none-eabi/lib/thumb/v6-m/nofp/libg.a(lib_a-fini.o)
                              /usr/lib/gcc/arm-none-eabi/9.2.1/../../../arm-none-eabi/lib/thumb/v6-m/nofp/crt0.o (__libc_fini_array)
/usr/lib/gcc/arm-none-eabi/9.2.1/../../../arm-none-eabi/lib/thumb/v6-m/nofp/libg.a(lib_a-impure.o)
                              /usr/lib/gcc/arm-none-eabi/9.2.1/../../../arm-none-eabi/lib/thumb/v6-m/nofp/libg.a(lib_a-exit.o) (_global_impure_ptr)
/usr/lib/gcc/arm-none-eabi/9.2.1/../../../arm-none-eabi/lib/thumb/v6-m/nofp/libg.a(lib_a-init.o)
                              /usr/lib/gcc/arm-none-eabi/9.2.1/../../../arm-none-eabi/lib/thumb/v6-m/nofp/crt0.o (__libc_init_array)
/usr/lib/gcc/arm-none-eabi/9.2.1/../../../arm-none-eabi/lib/thumb/v6-m/nofp/libg.a(lib_a-memcpy-stub.o)
                              CMakeFiles/esc_adapter.elf.dir/Core/Src/data.c.obj (memcpy)
/usr/lib/gcc/arm-none-eabi/9.2.1/../../../arm-none-eabi/lib/thumb/v6-m/nofp/libg.a(lib_a-memset.o)
                              /usr/lib/gcc/arm-none-eabi/9.2.1/../../../arm-none-eabi/lib/thumb/v6-m/nofp/crt0.o (memset)
/usr/lib/gcc/arm-none-eabi/9.2.1/../../../arm-none-eabi/lib/thumb/v6-m/nofp/libg.a(lib_a-__atexit.o)
                              /usr/lib/gcc/arm-none-eabi/9.2.1/../../../arm-none-eabi/lib/thumb/v6-m/nofp/libg.a(lib_a-atexit.o) (__register_exitproc)
/usr/lib/gcc/arm-none-eabi/9.2.1/../../../arm-none-eabi/lib/thumb/v6-m/nofp/libg.a(lib_a-__call_atexit.o)
                              /usr/lib/gcc/arm-none-eabi/9.2.1/../../../arm-none-eabi/lib/thumb/v6-m/nofp/libg.a(lib_a-exit.o) (__call_exitprocs)

Discarded input sections

 .text          0x0000000000000000        0x0 /usr/lib/gcc/arm-none-eabi/9.2.1/thumb/v6-m/nofp/crti.o
 .data          0x0000000000000000        0x0 /usr/lib/gcc/arm-none-eabi/9.2.1/thumb/v6-m/nofp/crti.o
 .bss           0x0000000000000000        0x0 /usr/lib/gcc/arm-none-eabi/9.2.1/thumb/v6-m/nofp/crti.o
 .data          0x0000000000000000        0x4 /usr/lib/gcc/arm-none-eabi/9.2.1/thumb/v6-m/nofp/crtbegin.o
 .text          0x0000000000000000       0x74 /usr/lib/gcc/arm-none-eabi/9.2.1/../../../arm-none-eabi/lib/thumb/v6-m/nofp/crt0.o
 .data          0x0000000000000000        0x0 /usr/lib/gcc/arm-none-eabi/9.2.1/../../../arm-none-eabi/lib/thumb/v6-m/nofp/crt0.o
 .bss           0x0000000000000000        0x0 /usr/lib/gcc/arm-none-eabi/9.2.1/../../../arm-none-eabi/lib/thumb/v6-m/nofp/crt0.o
 .ARM.extab     0x0000000000000000        0x0 /usr/lib/gcc/arm-none-eabi/9.2.1/../../../arm-none-eabi/lib/thumb/v6-m/nofp/crt0.o
 .ARM.exidx     0x0000000000000000       0x10 /usr/lib/gcc/arm-none-eabi/9.2.1/../../../arm-none-eabi/lib/thumb/v6-m/nofp/crt0.o
 .debug_line    0x0000000000000000       0x8c /usr/lib/gcc/arm-none-eabi/9.2.1/../../../arm-none-eabi/lib/thumb/v6-m/nofp/crt0.o
 .debug_info    0x0000000000000000       0x26 /usr/lib/gcc/arm-none-eabi/9.2.1/../../../arm-none-eabi/lib/thumb/v6-m/nofp/crt0.o
 .debug_abbrev  0x0000000000000000       0x14 /usr/lib/gcc/arm-none-eabi/9.2.1/../../../arm-none-eabi/lib/thumb/v6-m/nofp/crt0.o
 .debug_aranges
                0x0000000000000000       0x20 /usr/lib/gcc/arm-none-eabi/9.2.1/../../../arm-none-eabi/lib/thumb/v6-m/nofp/crt0.o
 .debug_str     0x0000000000000000       0x94 /usr/lib/gcc/arm-none-eabi/9.2.1/../../../arm-none-eabi/lib/thumb/v6-m/nofp/crt0.o
 .ARM.attributes
                0x0000000000000000       0x1b /usr/lib/gcc/arm-none-eabi/9.2.1/../../../arm-none-eabi/lib/thumb/v6-m/nofp/crt0.o
 .text          0x0000000000000000        0x0 CMakeFiles/esc_adapter.elf.dir/Core/Src/checksum.c.obj
 .data          0x0000000000000000        0x0 CMakeFiles/esc_adapter.elf.dir/Core/Src/checksum.c.obj
 .bss           0x0000000000000000        0x0 CMakeFiles/esc_adapter.elf.dir/Core/Src/checksum.c.obj
 .text          0x0000000000000000        0x0 CMakeFiles/esc_adapter.elf.dir/Core/Src/data.c.obj
[...]
Memory Configuration

Name             Origin             Length             Attributes
RAM              0x0000000020000000 0x0000000000001000 xrw
FLASH            0x0000000008000000 0x0000000000004000 xr
*default*        0x0000000000000000 0xffffffffffffffff

Linker script and memory map

LOAD /usr/lib/gcc/arm-none-eabi/9.2.1/thumb/v6-m/nofp/crti.o
LOAD /usr/lib/gcc/arm-none-eabi/9.2.1/thumb/v6-m/nofp/crtbegin.o
LOAD /usr/lib/gcc/arm-none-eabi/9.2.1/../../../arm-none-eabi/lib/thumb/v6-m/nofp/crt0.o
LOAD CMakeFiles/esc_adapter.elf.dir/Core/Src/checksum.c.obj
LOAD CMakeFiles/esc_adapter.elf.dir/Core/Src/data.c.obj
LOAD CMakeFiles/esc_adapter.elf.dir/Core/Src/device.c.obj
LOAD CMakeFiles/esc_adapter.elf.dir/Core/Src/esc_adapter.c.obj
LOAD CMakeFiles/esc_adapter.elf.dir/Core/Src/flash.c.obj
LOAD CMakeFiles/esc_adapter.elf.dir/Core/Src/main.c.obj
LOAD CMakeFiles/esc_adapter.elf.dir/Core/Src/stm32f0xx_hal_msp.c.obj
LOAD CMakeFiles/esc_adapter.elf.dir/Core/Src/stm32f0xx_it.c.obj
LOAD CMakeFiles/esc_adapter.elf.dir/Core/Src/syscalls.c.obj
LOAD CMakeFiles/esc_adapter.elf.dir/Core/Src/sysmem.c.obj
LOAD CMakeFiles/esc_adapter.elf.dir/Core/Src/system_stm32f0xx.c.obj
LOAD CMakeFiles/esc_adapter.elf.dir/Core/Startup/startup_stm32f030f4px.s.obj
LOAD CMakeFiles/esc_adapter.elf.dir/Drivers/STM32F0xx_HAL_Driver/Src/stm32f0xx_hal.c.obj
LOAD CMakeFiles/esc_adapter.elf.dir/Drivers/STM32F0xx_HAL_Driver/Src/stm32f0xx_hal_cortex.c.obj
LOAD CMakeFiles/esc_adapter.elf.dir/Drivers/STM32F0xx_HAL_Driver/Src/stm32f0xx_hal_dma.c.obj
LOAD CMakeFiles/esc_adapter.elf.dir/Drivers/STM32F0xx_HAL_Driver/Src/stm32f0xx_hal_exti.c.obj
LOAD CMakeFiles/esc_adapter.elf.dir/Drivers/STM32F0xx_HAL_Driver/Src/stm32f0xx_hal_flash.c.obj
LOAD CMakeFiles/esc_adapter.elf.dir/Drivers/STM32F0xx_HAL_Driver/Src/stm32f0xx_hal_flash_ex.c.obj
LOAD CMakeFiles/esc_adapter.elf.dir/Drivers/STM32F0xx_HAL_Driver/Src/stm32f0xx_hal_gpio.c.obj
LOAD CMakeFiles/esc_adapter.elf.dir/Drivers/STM32F0xx_HAL_Driver/Src/stm32f0xx_hal_i2c.c.obj
LOAD CMakeFiles/esc_adapter.elf.dir/Drivers/STM32F0xx_HAL_Driver/Src/stm32f0xx_hal_i2c_ex.c.obj
LOAD CMakeFiles/esc_adapter.elf.dir/Drivers/STM32F0xx_HAL_Driver/Src/stm32f0xx_hal_pwr.c.obj
LOAD CMakeFiles/esc_adapter.elf.dir/Drivers/STM32F0xx_HAL_Driver/Src/stm32f0xx_hal_pwr_ex.c.obj
LOAD CMakeFiles/esc_adapter.elf.dir/Drivers/STM32F0xx_HAL_Driver/Src/stm32f0xx_hal_rcc.c.obj
LOAD CMakeFiles/esc_adapter.elf.dir/Drivers/STM32F0xx_HAL_Driver/Src/stm32f0xx_hal_rcc_ex.c.obj
LOAD CMakeFiles/esc_adapter.elf.dir/Drivers/STM32F0xx_HAL_Driver/Src/stm32f0xx_hal_tim.c.obj
LOAD CMakeFiles/esc_adapter.elf.dir/Drivers/STM32F0xx_HAL_Driver/Src/stm32f0xx_hal_tim_ex.c.obj
LOAD CMakeFiles/esc_adapter.elf.dir/Drivers/STM32F0xx_HAL_Driver/Src/stm32f0xx_hal_uart.c.obj
LOAD CMakeFiles/esc_adapter.elf.dir/Drivers/STM32F0xx_HAL_Driver/Src/stm32f0xx_hal_uart_ex.c.obj
START GROUP
LOAD /usr/lib/gcc/arm-none-eabi/9.2.1/thumb/v6-m/nofp/libgcc.a
LOAD /usr/lib/gcc/arm-none-eabi/9.2.1/../../../arm-none-eabi/lib/thumb/v6-m/nofp/libg.a
LOAD /usr/lib/gcc/arm-none-eabi/9.2.1/../../../arm-none-eabi/lib/thumb/v6-m/nofp/libc.a
END GROUP
LOAD /usr/lib/gcc/arm-none-eabi/9.2.1/thumb/v6-m/nofp/crtend.o
LOAD /usr/lib/gcc/arm-none-eabi/9.2.1/thumb/v6-m/nofp/crtn.o
                0x0000000020001000                _estack = (ORIGIN (RAM) + LENGTH (RAM))
                0x0000000000000200                _Min_Heap_Size = 0x200
                0x0000000000000400                _Min_Stack_Size = 0x400

.isr_vector     0x0000000008000000       0xc0
                0x0000000008000000                . = ALIGN (0x4)
 *(.isr_vector)
 .isr_vector    0x0000000008000000       0xc0 CMakeFiles/esc_adapter.elf.dir/Core/Startup/startup_stm32f030f4px.s.obj
                0x0000000008000000                g_pfnVectors
                0x00000000080000c0                . = ALIGN (0x4)

.text           0x00000000080000c0     0x26c4
                0x00000000080000c0                . = ALIGN (0x4)
 *(.text)
 .text          0x00000000080000c0       0x98 /usr/lib/gcc/arm-none-eabi/9.2.1/thumb/v6-m/nofp/crtbegin.o
 .text          0x0000000008000158      0x114 /usr/lib/gcc/arm-none-eabi/9.2.1/thumb/v6-m/nofp/libgcc.a(_udivsi3.o)
                0x0000000008000158                __udivsi3
                0x0000000008000158                __aeabi_uidiv
                0x0000000008000264                __aeabi_uidivmod
 .text          0x000000000800026c        0x4 /usr/lib/gcc/arm-none-eabi/9.2.1/thumb/v6-m/nofp/libgcc.a(_dvmd_tls.o)
                0x000000000800026c                __aeabi_ldiv0
                0x000000000800026c                __aeabi_idiv0
 .text          0x0000000008000270       0x10 /usr/lib/gcc/arm-none-eabi/9.2.1/../../../arm-none-eabi/lib/thumb/v6-m/nofp/libg.a(lib_a-atexit.o)
                0x0000000008000270                atexit
 .text          0x0000000008000280       0x28 /usr/lib/gcc/arm-none-eabi/9.2.1/../../../arm-none-eabi/lib/thumb/v6-m/nofp/libg.a(lib_a-fini.o)
                0x0000000008000280                __libc_fini_array
 .text          0x00000000080002a8       0x44 /usr/lib/gcc/arm-none-eabi/9.2.1/../../../arm-none-eabi/lib/thumb/v6-m/nofp/libg.a(lib_a-init.o)
                0x00000000080002a8                __libc_init_array
 .text          0x00000000080002ec       0xa4 /usr/lib/gcc/arm-none-eabi/9.2.1/../../../arm-none-eabi/lib/thumb/v6-m/nofp/libg.a(lib_a-memcpy-stub.o)
                0x00000000080002ec                memcpy
 .text          0x0000000008000390       0xa8 /usr/lib/gcc/arm-none-eabi/9.2.1/../../../arm-none-eabi/lib/thumb/v6-m/nofp/libg.a(lib_a-memset.o)
                0x0000000008000390                memset
 .text          0x0000000008000438       0x88 /usr/lib/gcc/arm-none-eabi/9.2.1/../../../arm-none-eabi/lib/thumb/v6-m/nofp/libg.a(lib_a-__atexit.o)
                0x0000000008000438                __register_exitproc
 *(.text*)
 .text.IsChecksumm8bCorrect
                0x00000000080004c0       0x24 CMakeFiles/esc_adapter.elf.dir/Core/Src/checksum.c.obj
                0x00000000080004c0                IsChecksumm8bCorrect
 .text.AddChecksumm8b
                0x00000000080004e4       0x18 CMakeFiles/esc_adapter.elf.dir/Core/Src/checksum.c.obj
                0x00000000080004e4                AddChecksumm8b
 .text.parse_velocity_package
                0x00000000080004fc       0x46 CMakeFiles/esc_adapter.elf.dir/Core/Src/data.c.obj
                0x00000000080004fc                parse_velocity_package
 *fill*         0x0000000008000542        0x2 
 .text.parse_config_package
                0x0000000008000544       0x74 CMakeFiles/esc_adapter.elf.dir/Core/Src/data.c.obj
                0x0000000008000544                parse_config_package
 .text.UpdateDeviceSettings
                0x00000000080005b8       0x14 CMakeFiles/esc_adapter.elf.dir/Core/Src/device.c.obj
                0x00000000080005b8                UpdateDeviceSettings
 .text.HAL_UART_RxCpltCallback
                0x00000000080005cc       0xa4 CMakeFiles/esc_adapter.elf.dir/Core/Src/esc_adapter.c.obj
                0x00000000080005cc                HAL_UART_RxCpltCallback
 .text.newFrame
                0x0000000008000670       0x3c CMakeFiles/esc_adapter.elf.dir/Core/Src/esc_adapter.c.obj
                0x0000000008000670                newFrame
 .text.esc_adapter_init
                0x00000000080006ac       0x1c CMakeFiles/esc_adapter.elf.dir/Core/Src/esc_adapter.c.obj
                0x00000000080006ac                esc_adapter_init
 .text.processError
                0x00000000080006c8       0x38 CMakeFiles/esc_adapter.elf.dir/Core/Src/esc_adapter.c.obj
                0x00000000080006c8                processError
 .text.processFrame
                0x0000000008000700       0x80 CMakeFiles/esc_adapter.elf.dir/Core/Src/esc_adapter.c.obj
                0x0000000008000700                processFrame
 .text.esc_adapter_loop
                0x0000000008000780       0x5c CMakeFiles/esc_adapter.elf.dir/Core/Src/esc_adapter.c.obj
                0x0000000008000780                esc_adapter_loop
 .text.MX_GPIO_Init
                0x00000000080007dc       0x30 CMakeFiles/esc_adapter.elf.dir/Core/Src/main.c.obj
 .text.Error_Handler
                0x000000000800080c        0x4 CMakeFiles/esc_adapter.elf.dir/Core/Src/main.c.obj
                0x000000000800080c                Error_Handler
 .text.MX_USART1_UART_Init
                0x0000000008000810       0x3c CMakeFiles/esc_adapter.elf.dir/Core/Src/main.c.obj
 .text.MX_TIM17_Init
                0x000000000800084c       0xac CMakeFiles/esc_adapter.elf.dir/Core/Src/main.c.obj
 .text.SystemClock_Config
                0x00000000080008f8       0x72 CMakeFiles/esc_adapter.elf.dir/Core/Src/main.c.obj
                0x00000000080008f8                SystemClock_Config
 .text.main     0x000000000800096a       0x20 CMakeFiles/esc_adapter.elf.dir/Core/Src/main.c.obj
                0x000000000800096a                main
 *fill*         0x000000000800098a        0x2 
 .text.HAL_MspInit
                0x000000000800098c       0x30 CMakeFiles/esc_adapter.elf.dir/Core/Src/stm32f0xx_hal_msp.c.obj
                0x000000000800098c                HAL_MspInit
 .text.HAL_TIM_Base_MspInit
                0x00000000080009bc       0x2c CMakeFiles/esc_adapter.elf.dir/Core/Src/stm32f0xx_hal_msp.c.obj
                0x00000000080009bc                HAL_TIM_Base_MspInit
 .text.HAL_TIM_MspPostInit
                0x00000000080009e8       0x58 CMakeFiles/esc_adapter.elf.dir/Core/Src/stm32f0xx_hal_msp.c.obj
                0x00000000080009e8                HAL_TIM_MspPostInit
 .text.HAL_UART_MspInit
                0x0000000008000a40       0x7c CMakeFiles/esc_adapter.elf.dir/Core/Src/stm32f0xx_hal_msp.c.obj
                0x0000000008000a40                HAL_UART_MspInit
 .text.NMI_Handler
                0x0000000008000abc        0x2 CMakeFiles/esc_adapter.elf.dir/Core/Src/stm32f0xx_it.c.obj
                0x0000000008000abc                NMI_Handler
 .text.HardFault_Handler
                0x0000000008000abe        0x2 CMakeFiles/esc_adapter.elf.dir/Core/Src/stm32f0xx_it.c.obj
                0x0000000008000abe                HardFault_Handler
 .text.SVC_Handler
                0x0000000008000ac0        0x2 CMakeFiles/esc_adapter.elf.dir/Core/Src/stm32f0xx_it.c.obj
                0x0000000008000ac0                SVC_Handler
 .text.PendSV_Handler
                0x0000000008000ac2        0x2 CMakeFiles/esc_adapter.elf.dir/Core/Src/stm32f0xx_it.c.obj
                0x0000000008000ac2                PendSV_Handler
 .text.SysTick_Handler
                0x0000000008000ac4        0x8 CMakeFiles/esc_adapter.elf.dir/Core/Src/stm32f0xx_it.c.obj
                0x0000000008000ac4                SysTick_Handler
 .text.USART1_IRQHandler
                0x0000000008000acc       0x10 CMakeFiles/esc_adapter.elf.dir/Core/Src/stm32f0xx_it.c.obj
                0x0000000008000acc                USART1_IRQHandler
 .text.SystemInit
                0x0000000008000adc        0x2 CMakeFiles/esc_adapter.elf.dir/Core/Src/system_stm32f0xx.c.obj
                0x0000000008000adc                SystemInit
 *fill*         0x0000000008000ade        0x2 
 .text.Reset_Handler
                0x0000000008000ae0       0x50 CMakeFiles/esc_adapter.elf.dir/Core/Startup/startup_stm32f030f4px.s.obj
                0x0000000008000ae0                Reset_Handler
 .text.Default_Handler
                0x0000000008000b30        0x2 CMakeFiles/esc_adapter.elf.dir/Core/Startup/startup_stm32f030f4px.s.obj
                0x0000000008000b30                TIM1_CC_IRQHandler
                0x0000000008000b30                I2C1_IRQHandler
                0x0000000008000b30                SPI1_IRQHandler
                0x0000000008000b30                EXTI2_3_IRQHandler
                0x0000000008000b30                ADC1_IRQHandler
                0x0000000008000b30                TIM17_IRQHandler
                0x0000000008000b30                RTC_IRQHandler
                0x0000000008000b30                TIM16_IRQHandler
                0x0000000008000b30                TIM3_IRQHandler
                0x0000000008000b30                EXTI4_15_IRQHandler
                0x0000000008000b30                RCC_IRQHandler
                0x0000000008000b30                DMA1_Channel1_IRQHandler
                0x0000000008000b30                Default_Handler
                0x0000000008000b30                TIM14_IRQHandler
                0x0000000008000b30                DMA1_Channel4_5_IRQHandler
                0x0000000008000b30                EXTI0_1_IRQHandler
                0x0000000008000b30                WWDG_IRQHandler
                0x0000000008000b30                DMA1_Channel2_3_IRQHandler
                0x0000000008000b30                FLASH_IRQHandler
                0x0000000008000b30                TIM1_BRK_UP_TRG_COM_IRQHandler
 *fill*         0x0000000008000b32        0x2 
 .text.HAL_InitTick
                0x0000000008000b34       0x50 CMakeFiles/esc_adapter.elf.dir/Drivers/STM32F0xx_HAL_Driver/Src/stm32f0xx_hal.c.obj
                0x0000000008000b34                HAL_InitTick
 .text.HAL_Init
                0x0000000008000b84       0x20 CMakeFiles/esc_adapter.elf.dir/Drivers/STM32F0xx_HAL_Driver/Src/stm32f0xx_hal.c.obj
                0x0000000008000b84                HAL_Init
 .text.HAL_IncTick
                0x0000000008000ba4       0x18 CMakeFiles/esc_adapter.elf.dir/Drivers/STM32F0xx_HAL_Driver/Src/stm32f0xx_hal.c.obj
                0x0000000008000ba4                HAL_IncTick
 .text.HAL_GetTick
                0x0000000008000bbc        0xc CMakeFiles/esc_adapter.elf.dir/Drivers/STM32F0xx_HAL_Driver/Src/stm32f0xx_hal.c.obj
                0x0000000008000bbc                HAL_GetTick
 .text.HAL_NVIC_SetPriority
                0x0000000008000bc8       0x60 CMakeFiles/esc_adapter.elf.dir/Drivers/STM32F0xx_HAL_Driver/Src/stm32f0xx_hal_cortex.c.obj
                0x0000000008000bc8                HAL_NVIC_SetPriority
 .text.HAL_NVIC_EnableIRQ
                0x0000000008000c28       0x18 CMakeFiles/esc_adapter.elf.dir/Drivers/STM32F0xx_HAL_Driver/Src/stm32f0xx_hal_cortex.c.obj
                0x0000000008000c28                HAL_NVIC_EnableIRQ
 .text.HAL_SYSTICK_Config
                0x0000000008000c40       0x38 CMakeFiles/esc_adapter.elf.dir/Drivers/STM32F0xx_HAL_Driver/Src/stm32f0xx_hal_cortex.c.obj
                0x0000000008000c40                HAL_SYSTICK_Config
 .text.HAL_DMA_Abort
                0x0000000008000c78       0x44 CMakeFiles/esc_adapter.elf.dir/Drivers/STM32F0xx_HAL_Driver/Src/stm32f0xx_hal_dma.c.obj
                0x0000000008000c78                HAL_DMA_Abort
 .text.HAL_DMA_Abort_IT
                0x0000000008000cbc       0x4a CMakeFiles/esc_adapter.elf.dir/Drivers/STM32F0xx_HAL_Driver/Src/stm32f0xx_hal_dma.c.obj
                0x0000000008000cbc                HAL_DMA_Abort_IT
 .text.HAL_DMA_GetError
                0x0000000008000d06        0x4 CMakeFiles/esc_adapter.elf.dir/Drivers/STM32F0xx_HAL_Driver/Src/stm32f0xx_hal_dma.c.obj
                0x0000000008000d06                HAL_DMA_GetError
 *fill*         0x0000000008000d0a        0x2 
 .text.HAL_GPIO_Init
                0x0000000008000d0c      0x18c CMakeFiles/esc_adapter.elf.dir/Drivers/STM32F0xx_HAL_Driver/Src/stm32f0xx_hal_gpio.c.obj
                0x0000000008000d0c                HAL_GPIO_Init
 .text.HAL_RCC_OscConfig
                0x0000000008000e98      0x49c CMakeFiles/esc_adapter.elf.dir/Drivers/STM32F0xx_HAL_Driver/Src/stm32f0xx_hal_rcc.c.obj
                0x0000000008000e98                HAL_RCC_OscConfig
 .text.HAL_RCC_GetSysClockFreq
                0x0000000008001334       0x70 CMakeFiles/esc_adapter.elf.dir/Drivers/STM32F0xx_HAL_Driver/Src/stm32f0xx_hal_rcc.c.obj
                0x0000000008001334                HAL_RCC_GetSysClockFreq
 .text.HAL_RCC_ClockConfig
                0x00000000080013a4      0x134 CMakeFiles/esc_adapter.elf.dir/Drivers/STM32F0xx_HAL_Driver/Src/stm32f0xx_hal_rcc.c.obj
                0x00000000080013a4                HAL_RCC_ClockConfig
 .text.HAL_RCC_GetHCLKFreq
                0x00000000080014d8        0xc CMakeFiles/esc_adapter.elf.dir/Drivers/STM32F0xx_HAL_Driver/Src/stm32f0xx_hal_rcc.c.obj
                0x00000000080014d8                HAL_RCC_GetHCLKFreq
 .text.HAL_RCC_GetPCLK1Freq
                0x00000000080014e4       0x20 CMakeFiles/esc_adapter.elf.dir/Drivers/STM32F0xx_HAL_Driver/Src/stm32f0xx_hal_rcc.c.obj
                0x00000000080014e4                HAL_RCC_GetPCLK1Freq
 .text.HAL_RCCEx_PeriphCLKConfig
                0x0000000008001504      0x11c CMakeFiles/esc_adapter.elf.dir/Drivers/STM32F0xx_HAL_Driver/Src/stm32f0xx_hal_rcc_ex.c.obj
                0x0000000008001504                HAL_RCCEx_PeriphCLKConfig
 .text.TIM_OC1_SetConfig
                0x0000000008001620       0x78 CMakeFiles/esc_adapter.elf.dir/Drivers/STM32F0xx_HAL_Driver/Src/stm32f0xx_hal_tim.c.obj
 .text.TIM_OC3_SetConfig
                0x0000000008001698       0x88 CMakeFiles/esc_adapter.elf.dir/Drivers/STM32F0xx_HAL_Driver/Src/stm32f0xx_hal_tim.c.obj
 .text.TIM_OC4_SetConfig
                0x0000000008001720       0x68 CMakeFiles/esc_adapter.elf.dir/Drivers/STM32F0xx_HAL_Driver/Src/stm32f0xx_hal_tim.c.obj
 .text.HAL_TIM_PWM_MspInit
                0x0000000008001788        0x2 CMakeFiles/esc_adapter.elf.dir/Drivers/STM32F0xx_HAL_Driver/Src/stm32f0xx_hal_tim.c.obj
                0x0000000008001788                HAL_TIM_PWM_MspInit
 *fill*         0x000000000800178a        0x2 
 .text.TIM_Base_SetConfig
                0x000000000800178c       0x84 CMakeFiles/esc_adapter.elf.dir/Drivers/STM32F0xx_HAL_Driver/Src/stm32f0xx_hal_tim.c.obj
                0x000000000800178c                TIM_Base_SetConfig
 .text.HAL_TIM_Base_Init
                0x0000000008001810       0x58 CMakeFiles/esc_adapter.elf.dir/Drivers/STM32F0xx_HAL_Driver/Src/stm32f0xx_hal_tim.c.obj
                0x0000000008001810                HAL_TIM_Base_Init
 .text.HAL_TIM_PWM_Init
                0x0000000008001868       0x58 CMakeFiles/esc_adapter.elf.dir/Drivers/STM32F0xx_HAL_Driver/Src/stm32f0xx_hal_tim.c.obj
                0x0000000008001868                HAL_TIM_PWM_Init
 .text.TIM_OC2_SetConfig
                0x00000000080018c0       0x80 CMakeFiles/esc_adapter.elf.dir/Drivers/STM32F0xx_HAL_Driver/Src/stm32f0xx_hal_tim.c.obj
                0x00000000080018c0                TIM_OC2_SetConfig
 .text.HAL_TIM_PWM_ConfigChannel
                0x0000000008001940       0xf0 CMakeFiles/esc_adapter.elf.dir/Drivers/STM32F0xx_HAL_Driver/Src/stm32f0xx_hal_tim.c.obj
                0x0000000008001940                HAL_TIM_PWM_ConfigChannel
 .text.TIM_CCxChannelCmd
                0x0000000008001a30       0x1a CMakeFiles/esc_adapter.elf.dir/Drivers/STM32F0xx_HAL_Driver/Src/stm32f0xx_hal_tim.c.obj
                0x0000000008001a30                TIM_CCxChannelCmd
 *fill*         0x0000000008001a4a        0x2 
 .text.HAL_TIM_PWM_Start
                0x0000000008001a4c       0xe4 CMakeFiles/esc_adapter.elf.dir/Drivers/STM32F0xx_HAL_Driver/Src/stm32f0xx_hal_tim.c.obj
                0x0000000008001a4c                HAL_TIM_PWM_Start
 .text.HAL_TIMEx_ConfigBreakDeadTime
                0x0000000008001b30       0x6c CMakeFiles/esc_adapter.elf.dir/Drivers/STM32F0xx_HAL_Driver/Src/stm32f0xx_hal_tim_ex.c.obj
                0x0000000008001b30                HAL_TIMEx_ConfigBreakDeadTime
 .text.UART_EndRxTransfer
                0x0000000008001b9c       0x5c CMakeFiles/esc_adapter.elf.dir/Drivers/STM32F0xx_HAL_Driver/Src/stm32f0xx_hal_uart.c.obj
 .text.HAL_UART_AbortReceive
                0x0000000008001bf8       0xbc CMakeFiles/esc_adapter.elf.dir/Drivers/STM32F0xx_HAL_Driver/Src/stm32f0xx_hal_uart.c.obj
                0x0000000008001bf8                HAL_UART_AbortReceive
 .text.HAL_UART_TxCpltCallback
                0x0000000008001cb4        0x2 CMakeFiles/esc_adapter.elf.dir/Drivers/STM32F0xx_HAL_Driver/Src/stm32f0xx_hal_uart.c.obj
                0x0000000008001cb4                HAL_UART_TxCpltCallback
 .text.UART_EndTransmit_IT
                0x0000000008001cb6       0x28 CMakeFiles/esc_adapter.elf.dir/Drivers/STM32F0xx_HAL_Driver/Src/stm32f0xx_hal_uart.c.obj
 .text.HAL_UART_ErrorCallback
                0x0000000008001cde        0x2 CMakeFiles/esc_adapter.elf.dir/Drivers/STM32F0xx_HAL_Driver/Src/stm32f0xx_hal_uart.c.obj
                0x0000000008001cde                HAL_UART_ErrorCallback
 .text.UART_DMAAbortOnError
                0x0000000008001ce0       0x14 CMakeFiles/esc_adapter.elf.dir/Drivers/STM32F0xx_HAL_Driver/Src/stm32f0xx_hal_uart.c.obj
 .text.HAL_UARTEx_RxEventCallback
                0x0000000008001cf4        0x2 CMakeFiles/esc_adapter.elf.dir/Drivers/STM32F0xx_HAL_Driver/Src/stm32f0xx_hal_uart.c.obj
                0x0000000008001cf4                HAL_UARTEx_RxEventCallback
 *fill*         0x0000000008001cf6        0x2 
 .text.HAL_UART_IRQHandler
                0x0000000008001cf8      0x2b4 CMakeFiles/esc_adapter.elf.dir/Drivers/STM32F0xx_HAL_Driver/Src/stm32f0xx_hal_uart.c.obj
                0x0000000008001cf8                HAL_UART_IRQHandler
 .text.UART_RxISR_8BIT
                0x0000000008001fac       0xb0 CMakeFiles/esc_adapter.elf.dir/Drivers/STM32F0xx_HAL_Driver/Src/stm32f0xx_hal_uart.c.obj
 .text.UART_RxISR_16BIT
                0x000000000800205c       0xb0 CMakeFiles/esc_adapter.elf.dir/Drivers/STM32F0xx_HAL_Driver/Src/stm32f0xx_hal_uart.c.obj
 .text.UART_SetConfig
                0x000000000800210c      0x158 CMakeFiles/esc_adapter.elf.dir/Drivers/STM32F0xx_HAL_Driver/Src/stm32f0xx_hal_uart.c.obj
                0x000000000800210c                UART_SetConfig
 .text.UART_AdvFeatureConfig
                0x0000000008002264       0xe0 CMakeFiles/esc_adapter.elf.dir/Drivers/STM32F0xx_HAL_Driver/Src/stm32f0xx_hal_uart.c.obj
                0x0000000008002264                UART_AdvFeatureConfig
 .text.UART_WaitOnFlagUntilTimeout
                0x0000000008002344       0xdc CMakeFiles/esc_adapter.elf.dir/Drivers/STM32F0xx_HAL_Driver/Src/stm32f0xx_hal_uart.c.obj
                0x0000000008002344                UART_WaitOnFlagUntilTimeout
 .text.HAL_UART_Transmit
                0x0000000008002420      0x102 CMakeFiles/esc_adapter.elf.dir/Drivers/STM32F0xx_HAL_Driver/Src/stm32f0xx_hal_uart.c.obj
                0x0000000008002420                HAL_UART_Transmit
 *fill*         0x0000000008002522        0x2 
 .text.UART_CheckIdleState
                0x0000000008002524       0x70 CMakeFiles/esc_adapter.elf.dir/Drivers/STM32F0xx_HAL_Driver/Src/stm32f0xx_hal_uart.c.obj
                0x0000000008002524                UART_CheckIdleState
 .text.UART_Start_Receive_IT
                0x0000000008002594       0xbc CMakeFiles/esc_adapter.elf.dir/Drivers/STM32F0xx_HAL_Driver/Src/stm32f0xx_hal_uart.c.obj
                0x0000000008002594                UART_Start_Receive_IT
 .text.HAL_UART_Receive_IT
                0x0000000008002650       0x72 CMakeFiles/esc_adapter.elf.dir/Drivers/STM32F0xx_HAL_Driver/Src/stm32f0xx_hal_uart.c.obj
                0x0000000008002650                HAL_UART_Receive_IT
 *fill*         0x00000000080026c2        0x2 
 .text.HAL_RS485Ex_Init
                0x00000000080026c4       0x90 CMakeFiles/esc_adapter.elf.dir/Drivers/STM32F0xx_HAL_Driver/Src/stm32f0xx_hal_uart_ex.c.obj
                0x00000000080026c4                HAL_RS485Ex_Init
 .text.startup  0x0000000008002754       0x18 /usr/lib/gcc/arm-none-eabi/9.2.1/../../../arm-none-eabi/lib/thumb/v6-m/nofp/libg.a(lib_a-__call_atexit.o)
 *(.glue_7)
 .glue_7        0x000000000800276c        0x0 linker stubs
 *(.glue_7t)
 .glue_7t       0x000000000800276c        0x0 linker stubs
 *(.eh_frame)
 .eh_frame      0x000000000800276c        0x0 /usr/lib/gcc/arm-none-eabi/9.2.1/thumb/v6-m/nofp/crtbegin.o
 *(.init)
 .init          0x000000000800276c        0x4 /usr/lib/gcc/arm-none-eabi/9.2.1/thumb/v6-m/nofp/crti.o
                0x000000000800276c                _init
 .init          0x0000000008002770        0x8 /usr/lib/gcc/arm-none-eabi/9.2.1/thumb/v6-m/nofp/crtn.o
 *(.fini)
 .fini          0x0000000008002778        0x4 /usr/lib/gcc/arm-none-eabi/9.2.1/thumb/v6-m/nofp/crti.o
                0x0000000008002778                _fini
 .fini          0x000000000800277c        0x8 /usr/lib/gcc/arm-none-eabi/9.2.1/thumb/v6-m/nofp/crtn.o
                0x0000000008002784                . = ALIGN (0x4)
                0x0000000008002784                _etext = .

.vfp11_veneer   0x0000000008002784        0x0
 .vfp11_veneer  0x0000000008002784        0x0 linker stubs

.v4_bx          0x0000000008002784        0x0
 .v4_bx         0x0000000008002784        0x0 linker stubs

.iplt           0x0000000008002784        0x0
 .iplt          0x0000000008002784        0x0 /usr/lib/gcc/arm-none-eabi/9.2.1/thumb/v6-m/nofp/crtbegin.o

.rodata         0x0000000008002784       0x44
                0x0000000008002784                . = ALIGN (0x4)
 *(.rodata)
 .rodata        0x0000000008002784        0x4 /usr/lib/gcc/arm-none-eabi/9.2.1/../../../arm-none-eabi/lib/thumb/v6-m/nofp/libg.a(lib_a-impure.o)
                0x0000000008002784                _global_impure_ptr
 *(.rodata*)
 .rodata.AHBPrescTable
                0x0000000008002788       0x10 CMakeFiles/esc_adapter.elf.dir/Core/Src/system_stm32f0xx.c.obj
                0x0000000008002788                AHBPrescTable
 .rodata.APBPrescTable
                0x0000000008002798        0x8 CMakeFiles/esc_adapter.elf.dir/Core/Src/system_stm32f0xx.c.obj
                0x0000000008002798                APBPrescTable
 .rodata.HAL_RCC_GetSysClockFreq.str1.4
                0x00000000080027a0       0x25 CMakeFiles/esc_adapter.elf.dir/Drivers/STM32F0xx_HAL_Driver/Src/stm32f0xx_hal_rcc.c.obj
                0x00000000080027c8                . = ALIGN (0x4)
 *fill*         0x00000000080027c5        0x3 

.rel.dyn        0x00000000080027c8        0x0
 .rel.iplt      0x00000000080027c8        0x0 /usr/lib/gcc/arm-none-eabi/9.2.1/thumb/v6-m/nofp/crtbegin.o

.ARM.extab      0x00000000080027c8        0x0
                0x00000000080027c8                . = ALIGN (0x4)
 *(.ARM.extab* .gnu.linkonce.armextab.*)
                0x00000000080027c8                . = ALIGN (0x4)

.ARM            0x00000000080027c8        0x0
                0x00000000080027c8                . = ALIGN (0x4)
                0x00000000080027c8                __exidx_start = .
 *(.ARM.exidx*)
                0x00000000080027c8                __exidx_end = .
                0x00000000080027c8                . = ALIGN (0x4)

.preinit_array  0x00000000080027c8        0x0
                0x00000000080027c8                . = ALIGN (0x4)
                0x00000000080027c8                PROVIDE (__preinit_array_start = .)
 *(.preinit_array*)
                0x00000000080027c8                PROVIDE (__preinit_array_end = .)
                0x00000000080027c8                . = ALIGN (0x4)

.init_array     0x00000000080027c8        0x8
                0x00000000080027c8                . = ALIGN (0x4)
                0x00000000080027c8                PROVIDE (__init_array_start = .)
 *(SORT_BY_NAME(.init_array.*))
 .init_array.00000
                0x00000000080027c8        0x4 /usr/lib/gcc/arm-none-eabi/9.2.1/../../../arm-none-eabi/lib/thumb/v6-m/nofp/libg.a(lib_a-__call_atexit.o)
 *(.init_array*)
 .init_array    0x00000000080027cc        0x4 /usr/lib/gcc/arm-none-eabi/9.2.1/thumb/v6-m/nofp/crtbegin.o
                0x00000000080027d0                PROVIDE (__init_array_end = .)
                0x00000000080027d0                . = ALIGN (0x4)

.fini_array     0x00000000080027d0        0x4
                0x00000000080027d0                . = ALIGN (0x4)
                0x00000000080027d0                PROVIDE (__fini_array_start = .)
 *(SORT_BY_NAME(.fini_array.*))
 *(.fini_array*)
 .fini_array    0x00000000080027d0        0x4 /usr/lib/gcc/arm-none-eabi/9.2.1/thumb/v6-m/nofp/crtbegin.o
                0x00000000080027d4                PROVIDE (__fini_array_end = .)
                0x00000000080027d4                . = ALIGN (0x4)
                0x00000000080027d4                _sidata = LOADADDR (.data)

.data           0x0000000020000000      0x440 load address 0x00000000080027d4
                0x0000000020000000                . = ALIGN (0x4)
                0x0000000020000000                _sdata = .
 *(.data)
 .data          0x0000000020000000      0x430 /usr/lib/gcc/arm-none-eabi/9.2.1/../../../arm-none-eabi/lib/thumb/v6-m/nofp/libg.a(lib_a-impure.o)
                0x0000000020000000                _impure_ptr
 *(.data*)
 .data.frameSize
                0x0000000020000430        0x1 CMakeFiles/esc_adapter.elf.dir/Core/Src/esc_adapter.c.obj
 *fill*         0x0000000020000431        0x3 
 .data.SystemCoreClock
                0x0000000020000434        0x4 CMakeFiles/esc_adapter.elf.dir/Core/Src/system_stm32f0xx.c.obj
                0x0000000020000434                SystemCoreClock
 .data.uwTickFreq
                0x0000000020000438        0x1 CMakeFiles/esc_adapter.elf.dir/Drivers/STM32F0xx_HAL_Driver/Src/stm32f0xx_hal.c.obj
                0x0000000020000438                uwTickFreq
 *fill*         0x0000000020000439        0x3 
 .data.uwTickPrio
                0x000000002000043c        0x4 CMakeFiles/esc_adapter.elf.dir/Drivers/STM32F0xx_HAL_Driver/Src/stm32f0xx_hal.c.obj
                0x000000002000043c                uwTickPrio
 *(.RamFunc)
 *(.RamFunc*)
                0x0000000020000440                . = ALIGN (0x4)
                0x0000000020000440                _edata = .

.tm_clone_table
                0x0000000020000440        0x0 load address 0x0000000008002c14
 .tm_clone_table
                0x0000000020000440        0x0 /usr/lib/gcc/arm-none-eabi/9.2.1/thumb/v6-m/nofp/crtbegin.o
 .tm_clone_table
                0x0000000020000440        0x0 /usr/lib/gcc/arm-none-eabi/9.2.1/thumb/v6-m/nofp/crtend.o

.igot.plt       0x0000000020000440        0x0 load address 0x0000000008002c14
 .igot.plt      0x0000000020000440        0x0 /usr/lib/gcc/arm-none-eabi/9.2.1/thumb/v6-m/nofp/crtbegin.o
                0x0000000020000440                . = ALIGN (0x4)

.bss            0x0000000020000440      0x104 load address 0x0000000008002c14
                0x0000000020000440                _sbss = .
                0x0000000020000440                __bss_start__ = _sbss
 *(.bss)
 .bss           0x0000000020000440       0x1c /usr/lib/gcc/arm-none-eabi/9.2.1/thumb/v6-m/nofp/crtbegin.o
 *(.bss*)
 .bss.RxBuff    0x000000002000045c        0x5 CMakeFiles/esc_adapter.elf.dir/Core/Src/esc_adapter.c.obj
 *fill*         0x0000000020000461        0x3 
 .bss.RxCounter
                0x0000000020000464        0x4 CMakeFiles/esc_adapter.elf.dir/Core/Src/esc_adapter.c.obj
 .bss.buff      0x0000000020000468        0x1 CMakeFiles/esc_adapter.elf.dir/Core/Src/esc_adapter.c.obj
 *fill*         0x0000000020000469        0x3 
 .bss.deviceSettings
                0x000000002000046c        0x2 CMakeFiles/esc_adapter.elf.dir/Core/Src/esc_adapter.c.obj
                0x000000002000046c                deviceSettings
 .bss.frameError
                0x000000002000046e        0x1 CMakeFiles/esc_adapter.elf.dir/Core/Src/esc_adapter.c.obj
 .bss.frameReady
                0x000000002000046f        0x1 CMakeFiles/esc_adapter.elf.dir/Core/Src/esc_adapter.c.obj
 .bss.prevTick  0x0000000020000470        0x4 CMakeFiles/esc_adapter.elf.dir/Core/Src/esc_adapter.c.obj
 .bss.htim17    0x0000000020000474       0x48 CMakeFiles/esc_adapter.elf.dir/Core/Src/main.c.obj
                0x0000000020000474                htim17
 .bss.huart1    0x00000000200004bc       0x84 CMakeFiles/esc_adapter.elf.dir/Core/Src/main.c.obj
                0x00000000200004bc                huart1
 .bss.uwTick    0x0000000020000540        0x4 CMakeFiles/esc_adapter.elf.dir/Drivers/STM32F0xx_HAL_Driver/Src/stm32f0xx_hal.c.obj
                0x0000000020000540                uwTick
 *(COMMON)
                0x0000000020000544                . = ALIGN (0x4)
                0x0000000020000544                _ebss = .
                0x0000000020000544                __bss_end__ = _ebss

._user_heap_stack
                0x0000000020000544      0x604 load address 0x0000000008002c14
                0x0000000020000548                . = ALIGN (0x8)
 *fill*         0x0000000020000544        0x4 
                [!provide]                        PROVIDE (end = .)
                0x0000000020000548                PROVIDE (_end = .)
                0x0000000020000748                . = (. + _Min_Heap_Size)
 *fill*         0x0000000020000548      0x200 
                0x0000000020000b48                . = (. + _Min_Stack_Size)
 *fill*         0x0000000020000748      0x400 
                0x0000000020000b48                . = ALIGN (0x8)

/DISCARD/
 libc.a(*)
 libm.a(*)
 libgcc.a(*)

.ARM.attributes
                0x0000000000000000       0x28
 *(.ARM.attributes)
 .ARM.attributes
                0x0000000000000000       0x1e /usr/lib/gcc/arm-none-eabi/9.2.1/thumb/v6-m/nofp/crti.o
 .ARM.attributes
                0x000000000000001e       0x2c /usr/lib/gcc/arm-none-eabi/9.2.1/thumb/v6-m/nofp/crtbegin.o
 .ARM.attributes
                0x000000000000004a       0x2c CMakeFiles/esc_adapter.elf.dir/Core/Src/checksum.c.obj
 .ARM.attributes
                0x0000000000000076       0x2c CMakeFiles/esc_adapter.elf.dir/Core/Src/data.c.obj
 .ARM.attributes
                0x00000000000000a2       0x2c CMakeFiles/esc_adapter.elf.dir/Core/Src/device.c.obj
 .ARM.attributes
                0x00000000000000ce       0x2c CMakeFiles/esc_adapter.elf.dir/Core/Src/esc_adapter.c.obj
 .ARM.attributes
                0x00000000000000fa       0x2c CMakeFiles/esc_adapter.elf.dir/Core/Src/main.c.obj
 .ARM.attributes
                0x0000000000000126       0x2c CMakeFiles/esc_adapter.elf.dir/Core/Src/stm32f0xx_hal_msp.c.obj
 .ARM.attributes
                0x0000000000000152       0x2c CMakeFiles/esc_adapter.elf.dir/Core/Src/stm32f0xx_it.c.obj
 .ARM.attributes
                0x000000000000017e       0x2c CMakeFiles/esc_adapter.elf.dir/Core/Src/system_stm32f0xx.c.obj
 .ARM.attributes
                0x00000000000001aa       0x21 CMakeFiles/esc_adapter.elf.dir/Core/Startup/startup_stm32f030f4px.s.obj
 .ARM.attributes
                0x00000000000001cb       0x2c CMakeFiles/esc_adapter.elf.dir/Drivers/STM32F0xx_HAL_Driver/Src/stm32f0xx_hal.c.obj
 .ARM.attributes
                0x00000000000001f7       0x2c CMakeFiles/esc_adapter.elf.dir/Drivers/STM32F0xx_HAL_Driver/Src/stm32f0xx_hal_cortex.c.obj
 .ARM.attributes
                0x0000000000000223       0x2c CMakeFiles/esc_adapter.elf.dir/Drivers/STM32F0xx_HAL_Driver/Src/stm32f0xx_hal_dma.c.obj
 .ARM.attributes
                0x000000000000024f       0x2c CMakeFiles/esc_adapter.elf.dir/Drivers/STM32F0xx_HAL_Driver/Src/stm32f0xx_hal_gpio.c.obj
 .ARM.attributes
                0x000000000000027b       0x2c CMakeFiles/esc_adapter.elf.dir/Drivers/STM32F0xx_HAL_Driver/Src/stm32f0xx_hal_rcc.c.obj
 .ARM.attributes
                0x00000000000002a7       0x2c CMakeFiles/esc_adapter.elf.dir/Drivers/STM32F0xx_HAL_Driver/Src/stm32f0xx_hal_rcc_ex.c.obj
 .ARM.attributes
                0x00000000000002d3       0x2c CMakeFiles/esc_adapter.elf.dir/Drivers/STM32F0xx_HAL_Driver/Src/stm32f0xx_hal_tim.c.obj
 .ARM.attributes
                0x00000000000002ff       0x2c CMakeFiles/esc_adapter.elf.dir/Drivers/STM32F0xx_HAL_Driver/Src/stm32f0xx_hal_tim_ex.c.obj
 .ARM.attributes
                0x000000000000032b       0x2c CMakeFiles/esc_adapter.elf.dir/Drivers/STM32F0xx_HAL_Driver/Src/stm32f0xx_hal_uart.c.obj
 .ARM.attributes
                0x0000000000000357       0x2c CMakeFiles/esc_adapter.elf.dir/Drivers/STM32F0xx_HAL_Driver/Src/stm32f0xx_hal_uart_ex.c.obj
 .ARM.attributes
                0x0000000000000383       0x1e /usr/lib/gcc/arm-none-eabi/9.2.1/thumb/v6-m/nofp/libgcc.a(_udivsi3.o)
 .ARM.attributes
                0x00000000000003a1       0x1e /usr/lib/gcc/arm-none-eabi/9.2.1/thumb/v6-m/nofp/libgcc.a(_dvmd_tls.o)
 .ARM.attributes
                0x00000000000003bf       0x2c /usr/lib/gcc/arm-none-eabi/9.2.1/../../../arm-none-eabi/lib/thumb/v6-m/nofp/libg.a(lib_a-atexit.o)
 .ARM.attributes
                0x00000000000003eb       0x2c /usr/lib/gcc/arm-none-eabi/9.2.1/../../../arm-none-eabi/lib/thumb/v6-m/nofp/libg.a(lib_a-fini.o)
 .ARM.attributes
                0x0000000000000417       0x2c /usr/lib/gcc/arm-none-eabi/9.2.1/../../../arm-none-eabi/lib/thumb/v6-m/nofp/libg.a(lib_a-impure.o)
 .ARM.attributes
                0x0000000000000443       0x2c /usr/lib/gcc/arm-none-eabi/9.2.1/../../../arm-none-eabi/lib/thumb/v6-m/nofp/libg.a(lib_a-init.o)
 .ARM.attributes
                0x000000000000046f       0x2c /usr/lib/gcc/arm-none-eabi/9.2.1/../../../arm-none-eabi/lib/thumb/v6-m/nofp/libg.a(lib_a-memcpy-stub.o)
 .ARM.attributes
                0x000000000000049b       0x2c /usr/lib/gcc/arm-none-eabi/9.2.1/../../../arm-none-eabi/lib/thumb/v6-m/nofp/libg.a(lib_a-memset.o)
 .ARM.attributes
                0x00000000000004c7       0x2c /usr/lib/gcc/arm-none-eabi/9.2.1/../../../arm-none-eabi/lib/thumb/v6-m/nofp/libg.a(lib_a-__atexit.o)
 .ARM.attributes
                0x00000000000004f3       0x2c /usr/lib/gcc/arm-none-eabi/9.2.1/../../../arm-none-eabi/lib/thumb/v6-m/nofp/libg.a(lib_a-__call_atexit.o)
 .ARM.attributes
                0x000000000000051f       0x2c /usr/lib/gcc/arm-none-eabi/9.2.1/thumb/v6-m/nofp/crtend.o
 .ARM.attributes
                0x000000000000054b       0x1e /usr/lib/gcc/arm-none-eabi/9.2.1/thumb/v6-m/nofp/crtn.o
OUTPUT(esc_adapter.elf elf32-littlearm)
LOAD linker stubs
LOAD /usr/lib/gcc/arm-none-eabi/9.2.1/../../../arm-none-eabi/lib/thumb/v6-m/nofp/libc.a
LOAD /usr/lib/gcc/arm-none-eabi/9.2.1/../../../arm-none-eabi/lib/thumb/v6-m/nofp/libm.a
LOAD /usr/lib/gcc/arm-none-eabi/9.2.1/thumb/v6-m/nofp/libgcc.a

.comment        0x0000000000000000       0x59
 .comment       0x0000000000000000       0x59 /usr/lib/gcc/arm-none-eabi/9.2.1/thumb/v6-m/nofp/crtbegin.o
                                         0x5a (size before relaxing)
 .comment       0x0000000000000059       0x5a CMakeFiles/esc_adapter.elf.dir/Core/Src/checksum.c.obj
 .comment       0x0000000000000059       0x5a CMakeFiles/esc_adapter.elf.dir/Core/Src/data.c.obj
 .comment       0x0000000000000059       0x5a CMakeFiles/esc_adapter.elf.dir/Core/Src/device.c.obj
 .comment       0x0000000000000059       0x5a CMakeFiles/esc_adapter.elf.dir/Core/Src/esc_adapter.c.obj
 .comment       0x0000000000000059       0x5a CMakeFiles/esc_adapter.elf.dir/Core/Src/main.c.obj
 .comment       0x0000000000000059       0x5a CMakeFiles/esc_adapter.elf.dir/Core/Src/stm32f0xx_hal_msp.c.obj
 .comment       0x0000000000000059       0x5a CMakeFiles/esc_adapter.elf.dir/Core/Src/stm32f0xx_it.c.obj
 .comment       0x0000000000000059       0x5a CMakeFiles/esc_adapter.elf.dir/Core/Src/system_stm32f0xx.c.obj
 .comment       0x0000000000000059       0x5a CMakeFiles/esc_adapter.elf.dir/Drivers/STM32F0xx_HAL_Driver/Src/stm32f0xx_hal.c.obj
 .comment       0x0000000000000059       0x5a CMakeFiles/esc_adapter.elf.dir/Drivers/STM32F0xx_HAL_Driver/Src/stm32f0xx_hal_cortex.c.obj
 .comment       0x0000000000000059       0x5a CMakeFiles/esc_adapter.elf.dir/Drivers/STM32F0xx_HAL_Driver/Src/stm32f0xx_hal_dma.c.obj
 .comment       0x0000000000000059       0x5a CMakeFiles/esc_adapter.elf.dir/Drivers/STM32F0xx_HAL_Driver/Src/stm32f0xx_hal_gpio.c.obj
 .comment       0x0000000000000059       0x5a CMakeFiles/esc_adapter.elf.dir/Drivers/STM32F0xx_HAL_Driver/Src/stm32f0xx_hal_rcc.c.obj
 .comment       0x0000000000000059       0x5a CMakeFiles/esc_adapter.elf.dir/Drivers/STM32F0xx_HAL_Driver/Src/stm32f0xx_hal_rcc_ex.c.obj
 .comment       0x0000000000000059       0x5a CMakeFiles/esc_adapter.elf.dir/Drivers/STM32F0xx_HAL_Driver/Src/stm32f0xx_hal_tim.c.obj
 .comment       0x0000000000000059       0x5a CMakeFiles/esc_adapter.elf.dir/Drivers/STM32F0xx_HAL_Driver/Src/stm32f0xx_hal_tim_ex.c.obj
 .comment       0x0000000000000059       0x5a CMakeFiles/esc_adapter.elf.dir/Drivers/STM32F0xx_HAL_Driver/Src/stm32f0xx_hal_uart.c.obj
 .comment       0x0000000000000059       0x5a CMakeFiles/esc_adapter.elf.dir/Drivers/STM32F0xx_HAL_Driver/Src/stm32f0xx_hal_uart_ex.c.obj
 .comment       0x0000000000000059       0x5a /usr/lib/gcc/arm-none-eabi/9.2.1/../../../arm-none-eabi/lib/thumb/v6-m/nofp/libg.a(lib_a-atexit.o)
 .comment       0x0000000000000059       0x5a /usr/lib/gcc/arm-none-eabi/9.2.1/../../../arm-none-eabi/lib/thumb/v6-m/nofp/libg.a(lib_a-fini.o)
 .comment       0x0000000000000059       0x5a /usr/lib/gcc/arm-none-eabi/9.2.1/../../../arm-none-eabi/lib/thumb/v6-m/nofp/libg.a(lib_a-impure.o)
 .comment       0x0000000000000059       0x5a /usr/lib/gcc/arm-none-eabi/9.2.1/../../../arm-none-eabi/lib/thumb/v6-m/nofp/libg.a(lib_a-init.o)
 .comment       0x0000000000000059       0x5a /usr/lib/gcc/arm-none-eabi/9.2.1/../../../arm-none-eabi/lib/thumb/v6-m/nofp/libg.a(lib_a-memcpy-stub.o)
 .comment       0x0000000000000059       0x5a /usr/lib/gcc/arm-none-eabi/9.2.1/../../../arm-none-eabi/lib/thumb/v6-m/nofp/libg.a(lib_a-memset.o)
 .comment       0x0000000000000059       0x5a /usr/lib/gcc/arm-none-eabi/9.2.1/../../../arm-none-eabi/lib/thumb/v6-m/nofp/libg.a(lib_a-__atexit.o)
 .comment       0x0000000000000059       0x5a /usr/lib/gcc/arm-none-eabi/9.2.1/../../../arm-none-eabi/lib/thumb/v6-m/nofp/libg.a(lib_a-__call_atexit.o)
 .comment       0x0000000000000059       0x5a /usr/lib/gcc/arm-none-eabi/9.2.1/thumb/v6-m/nofp/crtend.o

.debug_info     0x0000000000000000    0x182a6
 .debug_info    0x0000000000000000      0x167 CMakeFiles/esc_adapter.elf.dir/Core/Src/checksum.c.obj
 .debug_info    0x0000000000000167     0x126d CMakeFiles/esc_adapter.elf.dir/Core/Src/data.c.obj
 .debug_info    0x00000000000013d4      0x2e0 CMakeFiles/esc_adapter.elf.dir/Core/Src/device.c.obj
 .debug_info    0x00000000000016b4     0x172f CMakeFiles/esc_adapter.elf.dir/Core/Src/esc_adapter.c.obj
 .debug_info    0x0000000000002de3     0x116e CMakeFiles/esc_adapter.elf.dir/Core/Src/main.c.obj
 .debug_info    0x0000000000003f51      0xf40 CMakeFiles/esc_adapter.elf.dir/Core/Src/stm32f0xx_hal_msp.c.obj
 .debug_info    0x0000000000004e91      0x762 CMakeFiles/esc_adapter.elf.dir/Core/Src/stm32f0xx_it.c.obj
 .debug_info    0x00000000000055f3      0x2bb CMakeFiles/esc_adapter.elf.dir/Core/Src/system_stm32f0xx.c.obj
 .debug_info    0x00000000000058ae       0x22 CMakeFiles/esc_adapter.elf.dir/Core/Startup/startup_stm32f030f4px.s.obj
 .debug_info    0x00000000000058d0      0x745 CMakeFiles/esc_adapter.elf.dir/Drivers/STM32F0xx_HAL_Driver/Src/stm32f0xx_hal.c.obj
 .debug_info    0x0000000000006015      0x8bd CMakeFiles/esc_adapter.elf.dir/Drivers/STM32F0xx_HAL_Driver/Src/stm32f0xx_hal_cortex.c.obj
 .debug_info    0x00000000000068d2      0x939 CMakeFiles/esc_adapter.elf.dir/Drivers/STM32F0xx_HAL_Driver/Src/stm32f0xx_hal_dma.c.obj
 .debug_info    0x000000000000720b      0x6eb CMakeFiles/esc_adapter.elf.dir/Drivers/STM32F0xx_HAL_Driver/Src/stm32f0xx_hal_gpio.c.obj
 .debug_info    0x00000000000078f6      0xa6c CMakeFiles/esc_adapter.elf.dir/Drivers/STM32F0xx_HAL_Driver/Src/stm32f0xx_hal_rcc.c.obj
 .debug_info    0x0000000000008362      0x471 CMakeFiles/esc_adapter.elf.dir/Drivers/STM32F0xx_HAL_Driver/Src/stm32f0xx_hal_rcc_ex.c.obj
 .debug_info    0x00000000000087d3     0x3d73 CMakeFiles/esc_adapter.elf.dir/Drivers/STM32F0xx_HAL_Driver/Src/stm32f0xx_hal_tim.c.obj
 .debug_info    0x000000000000c546     0x1acb CMakeFiles/esc_adapter.elf.dir/Drivers/STM32F0xx_HAL_Driver/Src/stm32f0xx_hal_tim_ex.c.obj
 .debug_info    0x000000000000e011     0x4f2d CMakeFiles/esc_adapter.elf.dir/Drivers/STM32F0xx_HAL_Driver/Src/stm32f0xx_hal_uart.c.obj
 .debug_info    0x0000000000012f3e      0xbc0 CMakeFiles/esc_adapter.elf.dir/Drivers/STM32F0xx_HAL_Driver/Src/stm32f0xx_hal_uart_ex.c.obj
 .debug_info    0x0000000000013afe       0x26 /usr/lib/gcc/arm-none-eabi/9.2.1/thumb/v6-m/nofp/libgcc.a(_udivsi3.o)
 .debug_info    0x0000000000013b24       0x26 /usr/lib/gcc/arm-none-eabi/9.2.1/thumb/v6-m/nofp/libgcc.a(_dvmd_tls.o)
 .debug_info    0x0000000000013b4a      0x995 /usr/lib/gcc/arm-none-eabi/9.2.1/../../../arm-none-eabi/lib/thumb/v6-m/nofp/libg.a(lib_a-atexit.o)
 .debug_info    0x00000000000144df      0x102 /usr/lib/gcc/arm-none-eabi/9.2.1/../../../arm-none-eabi/lib/thumb/v6-m/nofp/libg.a(lib_a-fini.o)
 .debug_info    0x00000000000145e1      0x92a /usr/lib/gcc/arm-none-eabi/9.2.1/../../../arm-none-eabi/lib/thumb/v6-m/nofp/libg.a(lib_a-impure.o)
 .debug_info    0x0000000000014f0b      0x11a /usr/lib/gcc/arm-none-eabi/9.2.1/../../../arm-none-eabi/lib/thumb/v6-m/nofp/libg.a(lib_a-init.o)
 .debug_info    0x0000000000015025      0xf35 /usr/lib/gcc/arm-none-eabi/9.2.1/../../../arm-none-eabi/lib/thumb/v6-m/nofp/libg.a(lib_a-memcpy-stub.o)
 .debug_info    0x0000000000015f5a      0xf21 /usr/lib/gcc/arm-none-eabi/9.2.1/../../../arm-none-eabi/lib/thumb/v6-m/nofp/libg.a(lib_a-memset.o)
 .debug_info    0x0000000000016e7b      0x9d5 /usr/lib/gcc/arm-none-eabi/9.2.1/../../../arm-none-eabi/lib/thumb/v6-m/nofp/libg.a(lib_a-__atexit.o)
 .debug_info    0x0000000000017850      0xa56 /usr/lib/gcc/arm-none-eabi/9.2.1/../../../arm-none-eabi/lib/thumb/v6-m/nofp/libg.a(lib_a-__call_atexit.o)

.debug_abbrev   0x0000000000000000     0x369a
 .debug_abbrev  0x0000000000000000       0xe1 CMakeFiles/esc_adapter.elf.dir/Core/Src/checksum.c.obj
 .debug_abbrev  0x00000000000000e1      0x2ac CMakeFiles/esc_adapter.elf.dir/Core/Src/data.c.obj
 .debug_abbrev  0x000000000000038d      0x131 CMakeFiles/esc_adapter.elf.dir/Core/Src/device.c.obj
 .debug_abbrev  0x00000000000004be      0x2e6 CMakeFiles/esc_adapter.elf.dir/Core/Src/esc_adapter.c.obj
 .debug_abbrev  0x00000000000007a4      0x28b CMakeFiles/esc_adapter.elf.dir/Core/Src/main.c.obj
 .debug_abbrev  0x0000000000000a2f      0x21a CMakeFiles/esc_adapter.elf.dir/Core/Src/stm32f0xx_hal_msp.c.obj
 .debug_abbrev  0x0000000000000c49      0x191 CMakeFiles/esc_adapter.elf.dir/Core/Src/stm32f0xx_it.c.obj
 .debug_abbrev  0x0000000000000dda      0x148 CMakeFiles/esc_adapter.elf.dir/Core/Src/system_stm32f0xx.c.obj
 .debug_abbrev  0x0000000000000f22       0x12 CMakeFiles/esc_adapter.elf.dir/Core/Startup/startup_stm32f030f4px.s.obj
 .debug_abbrev  0x0000000000000f34      0x268 CMakeFiles/esc_adapter.elf.dir/Drivers/STM32F0xx_HAL_Driver/Src/stm32f0xx_hal.c.obj
 .debug_abbrev  0x000000000000119c      0x2b9 CMakeFiles/esc_adapter.elf.dir/Drivers/STM32F0xx_HAL_Driver/Src/stm32f0xx_hal_cortex.c.obj
 .debug_abbrev  0x0000000000001455      0x23c CMakeFiles/esc_adapter.elf.dir/Drivers/STM32F0xx_HAL_Driver/Src/stm32f0xx_hal_dma.c.obj
 .debug_abbrev  0x0000000000001691      0x213 CMakeFiles/esc_adapter.elf.dir/Drivers/STM32F0xx_HAL_Driver/Src/stm32f0xx_hal_gpio.c.obj
 .debug_abbrev  0x00000000000018a4      0x271 CMakeFiles/esc_adapter.elf.dir/Drivers/STM32F0xx_HAL_Driver/Src/stm32f0xx_hal_rcc.c.obj
 .debug_abbrev  0x0000000000001b15      0x1e7 CMakeFiles/esc_adapter.elf.dir/Drivers/STM32F0xx_HAL_Driver/Src/stm32f0xx_hal_rcc_ex.c.obj
 .debug_abbrev  0x0000000000001cfc      0x27c CMakeFiles/esc_adapter.elf.dir/Drivers/STM32F0xx_HAL_Driver/Src/stm32f0xx_hal_tim.c.obj
 .debug_abbrev  0x0000000000001f78      0x27f CMakeFiles/esc_adapter.elf.dir/Drivers/STM32F0xx_HAL_Driver/Src/stm32f0xx_hal_tim_ex.c.obj
 .debug_abbrev  0x00000000000021f7      0x30e CMakeFiles/esc_adapter.elf.dir/Drivers/STM32F0xx_HAL_Driver/Src/stm32f0xx_hal_uart.c.obj
 .debug_abbrev  0x0000000000002505      0x2b3 CMakeFiles/esc_adapter.elf.dir/Drivers/STM32F0xx_HAL_Driver/Src/stm32f0xx_hal_uart_ex.c.obj
 .debug_abbrev  0x00000000000027b8       0x14 /usr/lib/gcc/arm-none-eabi/9.2.1/thumb/v6-m/nofp/libgcc.a(_udivsi3.o)
 .debug_abbrev  0x00000000000027cc       0x14 /usr/lib/gcc/arm-none-eabi/9.2.1/thumb/v6-m/nofp/libgcc.a(_dvmd_tls.o)
 .debug_abbrev  0x00000000000027e0      0x22f /usr/lib/gcc/arm-none-eabi/9.2.1/../../../arm-none-eabi/lib/thumb/v6-m/nofp/libg.a(lib_a-atexit.o)
 .debug_abbrev  0x0000000000002a0f       0xcc /usr/lib/gcc/arm-none-eabi/9.2.1/../../../arm-none-eabi/lib/thumb/v6-m/nofp/libg.a(lib_a-fini.o)
 .debug_abbrev  0x0000000000002adb      0x1b8 /usr/lib/gcc/arm-none-eabi/9.2.1/../../../arm-none-eabi/lib/thumb/v6-m/nofp/libg.a(lib_a-impure.o)
 .debug_abbrev  0x0000000000002c93       0xcc /usr/lib/gcc/arm-none-eabi/9.2.1/../../../arm-none-eabi/lib/thumb/v6-m/nofp/libg.a(lib_a-init.o)
 .debug_abbrev  0x0000000000002d5f      0x223 /usr/lib/gcc/arm-none-eabi/9.2.1/../../../arm-none-eabi/lib/thumb/v6-m/nofp/libg.a(lib_a-memcpy-stub.o)
 .debug_abbrev  0x0000000000002f82      0x217 /usr/lib/gcc/arm-none-eabi/9.2.1/../../../arm-none-eabi/lib/thumb/v6-m/nofp/libg.a(lib_a-memset.o)
 .debug_abbrev  0x0000000000003199      0x252 /usr/lib/gcc/arm-none-eabi/9.2.1/../../../arm-none-eabi/lib/thumb/v6-m/nofp/libg.a(lib_a-__atexit.o)
 .debug_abbrev  0x00000000000033eb      0x2af /usr/lib/gcc/arm-none-eabi/9.2.1/../../../arm-none-eabi/lib/thumb/v6-m/nofp/libg.a(lib_a-__call_atexit.o)

.debug_loc      0x0000000000000000     0xe6b3
 .debug_loc     0x0000000000000000      0x104 CMakeFiles/esc_adapter.elf.dir/Core/Src/checksum.c.obj
 .debug_loc     0x0000000000000104      0x163 CMakeFiles/esc_adapter.elf.dir/Core/Src/data.c.obj
 .debug_loc     0x0000000000000267       0x67 CMakeFiles/esc_adapter.elf.dir/Core/Src/esc_adapter.c.obj
 .debug_loc     0x00000000000002ce      0x102 CMakeFiles/esc_adapter.elf.dir/Core/Src/stm32f0xx_hal_msp.c.obj
 .debug_loc     0x00000000000003d0      0x167 CMakeFiles/esc_adapter.elf.dir/Core/Src/system_stm32f0xx.c.obj
 .debug_loc     0x0000000000000537      0x141 CMakeFiles/esc_adapter.elf.dir/Drivers/STM32F0xx_HAL_Driver/Src/stm32f0xx_hal.c.obj
 .debug_loc     0x0000000000000678      0x433 CMakeFiles/esc_adapter.elf.dir/Drivers/STM32F0xx_HAL_Driver/Src/stm32f0xx_hal_cortex.c.obj
 .debug_loc     0x0000000000000aab      0x91b CMakeFiles/esc_adapter.elf.dir/Drivers/STM32F0xx_HAL_Driver/Src/stm32f0xx_hal_dma.c.obj
 .debug_loc     0x00000000000013c6      0x388 CMakeFiles/esc_adapter.elf.dir/Drivers/STM32F0xx_HAL_Driver/Src/stm32f0xx_hal_gpio.c.obj
 .debug_loc     0x000000000000174e      0x607 CMakeFiles/esc_adapter.elf.dir/Drivers/STM32F0xx_HAL_Driver/Src/stm32f0xx_hal_rcc.c.obj
 .debug_loc     0x0000000000001d55      0x397 CMakeFiles/esc_adapter.elf.dir/Drivers/STM32F0xx_HAL_Driver/Src/stm32f0xx_hal_rcc_ex.c.obj
 .debug_loc     0x00000000000020ec     0x55e6 CMakeFiles/esc_adapter.elf.dir/Drivers/STM32F0xx_HAL_Driver/Src/stm32f0xx_hal_tim.c.obj
 .debug_loc     0x00000000000076d2     0x224b CMakeFiles/esc_adapter.elf.dir/Drivers/STM32F0xx_HAL_Driver/Src/stm32f0xx_hal_tim_ex.c.obj
 .debug_loc     0x000000000000991d     0x395b CMakeFiles/esc_adapter.elf.dir/Drivers/STM32F0xx_HAL_Driver/Src/stm32f0xx_hal_uart.c.obj
 .debug_loc     0x000000000000d278      0x861 CMakeFiles/esc_adapter.elf.dir/Drivers/STM32F0xx_HAL_Driver/Src/stm32f0xx_hal_uart_ex.c.obj
 .debug_loc     0x000000000000dad9       0x32 /usr/lib/gcc/arm-none-eabi/9.2.1/../../../arm-none-eabi/lib/thumb/v6-m/nofp/libg.a(lib_a-atexit.o)
 .debug_loc     0x000000000000db0b       0x46 /usr/lib/gcc/arm-none-eabi/9.2.1/../../../arm-none-eabi/lib/thumb/v6-m/nofp/libg.a(lib_a-fini.o)
 .debug_loc     0x000000000000db51       0x98 /usr/lib/gcc/arm-none-eabi/9.2.1/../../../arm-none-eabi/lib/thumb/v6-m/nofp/libg.a(lib_a-init.o)
 .debug_loc     0x000000000000dbe9      0x481 /usr/lib/gcc/arm-none-eabi/9.2.1/../../../arm-none-eabi/lib/thumb/v6-m/nofp/libg.a(lib_a-memcpy-stub.o)
 .debug_loc     0x000000000000e06a      0x2d9 /usr/lib/gcc/arm-none-eabi/9.2.1/../../../arm-none-eabi/lib/thumb/v6-m/nofp/libg.a(lib_a-memset.o)
 .debug_loc     0x000000000000e343      0x164 /usr/lib/gcc/arm-none-eabi/9.2.1/../../../arm-none-eabi/lib/thumb/v6-m/nofp/libg.a(lib_a-__atexit.o)
 .debug_loc     0x000000000000e4a7      0x20c /usr/lib/gcc/arm-none-eabi/9.2.1/../../../arm-none-eabi/lib/thumb/v6-m/nofp/libg.a(lib_a-__call_atexit.o)

.debug_aranges  0x0000000000000000      0xd88
 .debug_aranges
                0x0000000000000000       0x28 CMakeFiles/esc_adapter.elf.dir/Core/Src/checksum.c.obj
 .debug_aranges
                0x0000000000000028       0x28 CMakeFiles/esc_adapter.elf.dir/Core/Src/data.c.obj
 .debug_aranges
                0x0000000000000050       0x20 CMakeFiles/esc_adapter.elf.dir/Core/Src/device.c.obj
 .debug_aranges
                0x0000000000000070       0x48 CMakeFiles/esc_adapter.elf.dir/Core/Src/esc_adapter.c.obj
 .debug_aranges
                0x00000000000000b8       0x48 CMakeFiles/esc_adapter.elf.dir/Core/Src/main.c.obj
 .debug_aranges
                0x0000000000000100       0x48 CMakeFiles/esc_adapter.elf.dir/Core/Src/stm32f0xx_hal_msp.c.obj
 .debug_aranges
                0x0000000000000148       0x48 CMakeFiles/esc_adapter.elf.dir/Core/Src/stm32f0xx_it.c.obj
 .debug_aranges
                0x0000000000000190       0x28 CMakeFiles/esc_adapter.elf.dir/Core/Src/system_stm32f0xx.c.obj
 .debug_aranges
                0x00000000000001b8       0x28 CMakeFiles/esc_adapter.elf.dir/Core/Startup/startup_stm32f030f4px.s.obj
 .debug_aranges
                0x00000000000001e0       0xd0 CMakeFiles/esc_adapter.elf.dir/Drivers/STM32F0xx_HAL_Driver/Src/stm32f0xx_hal.c.obj
 .debug_aranges
                0x00000000000002b0       0x78 CMakeFiles/esc_adapter.elf.dir/Drivers/STM32F0xx_HAL_Driver/Src/stm32f0xx_hal_cortex.c.obj
 .debug_aranges
                0x0000000000000328       0x88 CMakeFiles/esc_adapter.elf.dir/Drivers/STM32F0xx_HAL_Driver/Src/stm32f0xx_hal_dma.c.obj
 .debug_aranges
                0x00000000000003b0       0x58 CMakeFiles/esc_adapter.elf.dir/Drivers/STM32F0xx_HAL_Driver/Src/stm32f0xx_hal_gpio.c.obj
 .debug_aranges
                0x0000000000000408       0x80 CMakeFiles/esc_adapter.elf.dir/Drivers/STM32F0xx_HAL_Driver/Src/stm32f0xx_hal_rcc.c.obj
 .debug_aranges
                0x0000000000000488       0x30 CMakeFiles/esc_adapter.elf.dir/Drivers/STM32F0xx_HAL_Driver/Src/stm32f0xx_hal_rcc_ex.c.obj
 .debug_aranges
                0x00000000000004b8      0x3d0 CMakeFiles/esc_adapter.elf.dir/Drivers/STM32F0xx_HAL_Driver/Src/stm32f0xx_hal_tim.c.obj
 .debug_aranges
                0x0000000000000888      0x168 CMakeFiles/esc_adapter.elf.dir/Drivers/STM32F0xx_HAL_Driver/Src/stm32f0xx_hal_tim_ex.c.obj
 .debug_aranges
                0x00000000000009f0      0x218 CMakeFiles/esc_adapter.elf.dir/Drivers/STM32F0xx_HAL_Driver/Src/stm32f0xx_hal_uart.c.obj
 .debug_aranges
                0x0000000000000c08       0x40 CMakeFiles/esc_adapter.elf.dir/Drivers/STM32F0xx_HAL_Driver/Src/stm32f0xx_hal_uart_ex.c.obj
 .debug_aranges
                0x0000000000000c48       0x20 /usr/lib/gcc/arm-none-eabi/9.2.1/thumb/v6-m/nofp/libgcc.a(_udivsi3.o)
 .debug_aranges
                0x0000000000000c68       0x20 /usr/lib/gcc/arm-none-eabi/9.2.1/thumb/v6-m/nofp/libgcc.a(_dvmd_tls.o)
 .debug_aranges
                0x0000000000000c88       0x20 /usr/lib/gcc/arm-none-eabi/9.2.1/../../../arm-none-eabi/lib/thumb/v6-m/nofp/libg.a(lib_a-atexit.o)
 .debug_aranges
                0x0000000000000ca8       0x20 /usr/lib/gcc/arm-none-eabi/9.2.1/../../../arm-none-eabi/lib/thumb/v6-m/nofp/libg.a(lib_a-fini.o)
 .debug_aranges
                0x0000000000000cc8       0x18 /usr/lib/gcc/arm-none-eabi/9.2.1/../../../arm-none-eabi/lib/thumb/v6-m/nofp/libg.a(lib_a-impure.o)
 .debug_aranges
                0x0000000000000ce0       0x20 /usr/lib/gcc/arm-none-eabi/9.2.1/../../../arm-none-eabi/lib/thumb/v6-m/nofp/libg.a(lib_a-init.o)
 .debug_aranges
                0x0000000000000d00       0x20 /usr/lib/gcc/arm-none-eabi/9.2.1/../../../arm-none-eabi/lib/thumb/v6-m/nofp/libg.a(lib_a-memcpy-stub.o)
 .debug_aranges
                0x0000000000000d20       0x20 /usr/lib/gcc/arm-none-eabi/9.2.1/../../../arm-none-eabi/lib/thumb/v6-m/nofp/libg.a(lib_a-memset.o)
 .debug_aranges
                0x0000000000000d40       0x20 /usr/lib/gcc/arm-none-eabi/9.2.1/../../../arm-none-eabi/lib/thumb/v6-m/nofp/libg.a(lib_a-__atexit.o)
 .debug_aranges
                0x0000000000000d60       0x28 /usr/lib/gcc/arm-none-eabi/9.2.1/../../../arm-none-eabi/lib/thumb/v6-m/nofp/libg.a(lib_a-__call_atexit.o)

.debug_ranges   0x0000000000000000      0xc38
 .debug_ranges  0x0000000000000000       0x30 CMakeFiles/esc_adapter.elf.dir/Core/Src/checksum.c.obj
 .debug_ranges  0x0000000000000030       0x48 CMakeFiles/esc_adapter.elf.dir/Core/Src/data.c.obj
 .debug_ranges  0x0000000000000078       0x10 CMakeFiles/esc_adapter.elf.dir/Core/Src/device.c.obj
 .debug_ranges  0x0000000000000088       0x38 CMakeFiles/esc_adapter.elf.dir/Core/Src/esc_adapter.c.obj
 .debug_ranges  0x00000000000000c0       0x38 CMakeFiles/esc_adapter.elf.dir/Core/Src/main.c.obj
 .debug_ranges  0x00000000000000f8       0x38 CMakeFiles/esc_adapter.elf.dir/Core/Src/stm32f0xx_hal_msp.c.obj
 .debug_ranges  0x0000000000000130       0x38 CMakeFiles/esc_adapter.elf.dir/Core/Src/stm32f0xx_it.c.obj
 .debug_ranges  0x0000000000000168       0x18 CMakeFiles/esc_adapter.elf.dir/Core/Src/system_stm32f0xx.c.obj
 .debug_ranges  0x0000000000000180       0x20 CMakeFiles/esc_adapter.elf.dir/Core/Startup/startup_stm32f030f4px.s.obj
 .debug_ranges  0x00000000000001a0       0xc0 CMakeFiles/esc_adapter.elf.dir/Drivers/STM32F0xx_HAL_Driver/Src/stm32f0xx_hal.c.obj
 .debug_ranges  0x0000000000000260       0xc8 CMakeFiles/esc_adapter.elf.dir/Drivers/STM32F0xx_HAL_Driver/Src/stm32f0xx_hal_cortex.c.obj
 .debug_ranges  0x0000000000000328       0x78 CMakeFiles/esc_adapter.elf.dir/Drivers/STM32F0xx_HAL_Driver/Src/stm32f0xx_hal_dma.c.obj
 .debug_ranges  0x00000000000003a0       0x48 CMakeFiles/esc_adapter.elf.dir/Drivers/STM32F0xx_HAL_Driver/Src/stm32f0xx_hal_gpio.c.obj
 .debug_ranges  0x00000000000003e8       0x88 CMakeFiles/esc_adapter.elf.dir/Drivers/STM32F0xx_HAL_Driver/Src/stm32f0xx_hal_rcc.c.obj
 .debug_ranges  0x0000000000000470       0x38 CMakeFiles/esc_adapter.elf.dir/Drivers/STM32F0xx_HAL_Driver/Src/stm32f0xx_hal_rcc_ex.c.obj
 .debug_ranges  0x00000000000004a8      0x3c0 CMakeFiles/esc_adapter.elf.dir/Drivers/STM32F0xx_HAL_Driver/Src/stm32f0xx_hal_tim.c.obj
 .debug_ranges  0x0000000000000868      0x158 CMakeFiles/esc_adapter.elf.dir/Drivers/STM32F0xx_HAL_Driver/Src/stm32f0xx_hal_tim_ex.c.obj
 .debug_ranges  0x00000000000009c0      0x208 CMakeFiles/esc_adapter.elf.dir/Drivers/STM32F0xx_HAL_Driver/Src/stm32f0xx_hal_uart.c.obj
 .debug_ranges  0x0000000000000bc8       0x30 CMakeFiles/esc_adapter.elf.dir/Drivers/STM32F0xx_HAL_Driver/Src/stm32f0xx_hal_uart_ex.c.obj
 .debug_ranges  0x0000000000000bf8       0x40 /usr/lib/gcc/arm-none-eabi/9.2.1/../../../arm-none-eabi/lib/thumb/v6-m/nofp/libg.a(lib_a-__call_atexit.o)

.debug_line     0x0000000000000000     0xf939
 .debug_line    0x0000000000000000      0x17b CMakeFiles/esc_adapter.elf.dir/Core/Src/checksum.c.obj
 .debug_line    0x000000000000017b      0x35b CMakeFiles/esc_adapter.elf.dir/Core/Src/data.c.obj
 .debug_line    0x00000000000004d6      0x1b6 CMakeFiles/esc_adapter.elf.dir/Core/Src/device.c.obj
 .debug_line    0x000000000000068c      0x4cb CMakeFiles/esc_adapter.elf.dir/Core/Src/esc_adapter.c.obj
 .debug_line    0x0000000000000b57      0x565 CMakeFiles/esc_adapter.elf.dir/Core/Src/main.c.obj
 .debug_line    0x00000000000010bc      0x38f CMakeFiles/esc_adapter.elf.dir/Core/Src/stm32f0xx_hal_msp.c.obj
 .debug_line    0x000000000000144b      0x249 CMakeFiles/esc_adapter.elf.dir/Core/Src/stm32f0xx_it.c.obj
 .debug_line    0x0000000000001694      0x22b CMakeFiles/esc_adapter.elf.dir/Core/Src/system_stm32f0xx.c.obj
 .debug_line    0x00000000000018bf       0xab CMakeFiles/esc_adapter.elf.dir/Core/Startup/startup_stm32f030f4px.s.obj
 .debug_line    0x000000000000196a      0x4fe CMakeFiles/esc_adapter.elf.dir/Drivers/STM32F0xx_HAL_Driver/Src/stm32f0xx_hal.c.obj
 .debug_line    0x0000000000001e68      0x554 CMakeFiles/esc_adapter.elf.dir/Drivers/STM32F0xx_HAL_Driver/Src/stm32f0xx_hal_cortex.c.obj
 .debug_line    0x00000000000023bc      0x9dc CMakeFiles/esc_adapter.elf.dir/Drivers/STM32F0xx_HAL_Driver/Src/stm32f0xx_hal_dma.c.obj
 .debug_line    0x0000000000002d98      0x65b CMakeFiles/esc_adapter.elf.dir/Drivers/STM32F0xx_HAL_Driver/Src/stm32f0xx_hal_gpio.c.obj
 .debug_line    0x00000000000033f3      0xb36 CMakeFiles/esc_adapter.elf.dir/Drivers/STM32F0xx_HAL_Driver/Src/stm32f0xx_hal_rcc.c.obj
 .debug_line    0x0000000000003f29      0x474 CMakeFiles/esc_adapter.elf.dir/Drivers/STM32F0xx_HAL_Driver/Src/stm32f0xx_hal_rcc_ex.c.obj
 .debug_line    0x000000000000439d     0x4994 CMakeFiles/esc_adapter.elf.dir/Drivers/STM32F0xx_HAL_Driver/Src/stm32f0xx_hal_tim.c.obj
 .debug_line    0x0000000000008d31     0x1b7b CMakeFiles/esc_adapter.elf.dir/Drivers/STM32F0xx_HAL_Driver/Src/stm32f0xx_hal_tim_ex.c.obj
 .debug_line    0x000000000000a8ac     0x3ace CMakeFiles/esc_adapter.elf.dir/Drivers/STM32F0xx_HAL_Driver/Src/stm32f0xx_hal_uart.c.obj
 .debug_line    0x000000000000e37a      0x721 CMakeFiles/esc_adapter.elf.dir/Drivers/STM32F0xx_HAL_Driver/Src/stm32f0xx_hal_uart_ex.c.obj
 .debug_line    0x000000000000ea9b       0x6c /usr/lib/gcc/arm-none-eabi/9.2.1/thumb/v6-m/nofp/libgcc.a(_udivsi3.o)
 .debug_line    0x000000000000eb07       0x60 /usr/lib/gcc/arm-none-eabi/9.2.1/thumb/v6-m/nofp/libgcc.a(_dvmd_tls.o)
 .debug_line    0x000000000000eb67      0x152 /usr/lib/gcc/arm-none-eabi/9.2.1/../../../arm-none-eabi/lib/thumb/v6-m/nofp/libg.a(lib_a-atexit.o)
 .debug_line    0x000000000000ecb9       0xe9 /usr/lib/gcc/arm-none-eabi/9.2.1/../../../arm-none-eabi/lib/thumb/v6-m/nofp/libg.a(lib_a-fini.o)
 .debug_line    0x000000000000eda2       0xe3 /usr/lib/gcc/arm-none-eabi/9.2.1/../../../arm-none-eabi/lib/thumb/v6-m/nofp/libg.a(lib_a-impure.o)
 .debug_line    0x000000000000ee85      0x126 /usr/lib/gcc/arm-none-eabi/9.2.1/../../../arm-none-eabi/lib/thumb/v6-m/nofp/libg.a(lib_a-init.o)
 .debug_line    0x000000000000efab      0x264 /usr/lib/gcc/arm-none-eabi/9.2.1/../../../arm-none-eabi/lib/thumb/v6-m/nofp/libg.a(lib_a-memcpy-stub.o)
 .debug_line    0x000000000000f20f      0x28d /usr/lib/gcc/arm-none-eabi/9.2.1/../../../arm-none-eabi/lib/thumb/v6-m/nofp/libg.a(lib_a-memset.o)
 .debug_line    0x000000000000f49c      0x1f9 /usr/lib/gcc/arm-none-eabi/9.2.1/../../../arm-none-eabi/lib/thumb/v6-m/nofp/libg.a(lib_a-__atexit.o)
 .debug_line    0x000000000000f695      0x2a4 /usr/lib/gcc/arm-none-eabi/9.2.1/../../../arm-none-eabi/lib/thumb/v6-m/nofp/libg.a(lib_a-__call_atexit.o)

.debug_str      0x0000000000000000     0x479a
 .debug_str     0x0000000000000000      0x1f0 CMakeFiles/esc_adapter.elf.dir/Core/Src/checksum.c.obj
                                        0x224 (size before relaxing)
 .debug_str     0x00000000000001f0      0x94f CMakeFiles/esc_adapter.elf.dir/Core/Src/data.c.obj
                                        0xbca (size before relaxing)
 .debug_str     0x0000000000000b3f       0x7c CMakeFiles/esc_adapter.elf.dir/Core/Src/device.c.obj
                                        0x339 (size before relaxing)
 .debug_str     0x0000000000000bbb      0x414 CMakeFiles/esc_adapter.elf.dir/Core/Src/esc_adapter.c.obj
                                        0xf84 (size before relaxing)
 .debug_str     0x0000000000000fcf      0x447 CMakeFiles/esc_adapter.elf.dir/Core/Src/main.c.obj
                                        0xdf9 (size before relaxing)
 .debug_str     0x0000000000001416      0x2bb CMakeFiles/esc_adapter.elf.dir/Core/Src/stm32f0xx_hal_msp.c.obj
                                        0xc85 (size before relaxing)
 .debug_str     0x00000000000016d1       0xb8 CMakeFiles/esc_adapter.elf.dir/Core/Src/stm32f0xx_it.c.obj
                                        0x720 (size before relaxing)
 .debug_str     0x0000000000001789       0x81 CMakeFiles/esc_adapter.elf.dir/Core/Src/system_stm32f0xx.c.obj
                                        0x340 (size before relaxing)
 .debug_str     0x000000000000180a       0x58 CMakeFiles/esc_adapter.elf.dir/Core/Startup/startup_stm32f030f4px.s.obj
                                         0x8f (size before relaxing)
 .debug_str     0x0000000000001862      0x245 CMakeFiles/esc_adapter.elf.dir/Drivers/STM32F0xx_HAL_Driver/Src/stm32f0xx_hal.c.obj
                                        0x6e1 (size before relaxing)
 .debug_str     0x0000000000001aa7      0x272 CMakeFiles/esc_adapter.elf.dir/Drivers/STM32F0xx_HAL_Driver/Src/stm32f0xx_hal_cortex.c.obj
                                        0x6c1 (size before relaxing)
 .debug_str     0x0000000000001d19      0x274 CMakeFiles/esc_adapter.elf.dir/Drivers/STM32F0xx_HAL_Driver/Src/stm32f0xx_hal_dma.c.obj
                                        0x724 (size before relaxing)
 .debug_str     0x0000000000001f8d      0x161 CMakeFiles/esc_adapter.elf.dir/Drivers/STM32F0xx_HAL_Driver/Src/stm32f0xx_hal_gpio.c.obj
                                        0x504 (size before relaxing)
 .debug_str     0x00000000000020ee      0x1f6 CMakeFiles/esc_adapter.elf.dir/Drivers/STM32F0xx_HAL_Driver/Src/stm32f0xx_hal_rcc.c.obj
                                        0x703 (size before relaxing)
 .debug_str     0x00000000000022e4       0xb9 CMakeFiles/esc_adapter.elf.dir/Drivers/STM32F0xx_HAL_Driver/Src/stm32f0xx_hal_rcc_ex.c.obj
                                        0x4b5 (size before relaxing)
 .debug_str     0x000000000000239d      0xe5b CMakeFiles/esc_adapter.elf.dir/Drivers/STM32F0xx_HAL_Driver/Src/stm32f0xx_hal_tim.c.obj
                                       0x1743 (size before relaxing)
 .debug_str     0x00000000000031f8      0x504 CMakeFiles/esc_adapter.elf.dir/Drivers/STM32F0xx_HAL_Driver/Src/stm32f0xx_hal_tim_ex.c.obj
                                        0xf44 (size before relaxing)
 .debug_str     0x00000000000036fc      0x70c CMakeFiles/esc_adapter.elf.dir/Drivers/STM32F0xx_HAL_Driver/Src/stm32f0xx_hal_uart.c.obj
                                        0xf5a (size before relaxing)
 .debug_str     0x0000000000003e08      0x109 CMakeFiles/esc_adapter.elf.dir/Drivers/STM32F0xx_HAL_Driver/Src/stm32f0xx_hal_uart_ex.c.obj
                                        0x8bf (size before relaxing)
 .debug_str     0x0000000000003f11       0xa3 /usr/lib/gcc/arm-none-eabi/9.2.1/thumb/v6-m/nofp/libgcc.a(_udivsi3.o)
 .debug_str     0x0000000000003fb4       0xa3 /usr/lib/gcc/arm-none-eabi/9.2.1/thumb/v6-m/nofp/libgcc.a(_dvmd_tls.o)
 .debug_str     0x0000000000003fb4      0x16d /usr/lib/gcc/arm-none-eabi/9.2.1/../../../arm-none-eabi/lib/thumb/v6-m/nofp/libg.a(lib_a-atexit.o)
                                        0x5e8 (size before relaxing)
 .debug_str     0x0000000000004121       0xbd /usr/lib/gcc/arm-none-eabi/9.2.1/../../../arm-none-eabi/lib/thumb/v6-m/nofp/libg.a(lib_a-fini.o)
                                        0x1f7 (size before relaxing)
 .debug_str     0x00000000000041de       0x97 /usr/lib/gcc/arm-none-eabi/9.2.1/../../../arm-none-eabi/lib/thumb/v6-m/nofp/libg.a(lib_a-impure.o)
                                        0x59d (size before relaxing)
 .debug_str     0x0000000000004275       0x90 /usr/lib/gcc/arm-none-eabi/9.2.1/../../../arm-none-eabi/lib/thumb/v6-m/nofp/libg.a(lib_a-init.o)
                                        0x221 (size before relaxing)
 .debug_str     0x0000000000004305      0x331 /usr/lib/gcc/arm-none-eabi/9.2.1/../../../arm-none-eabi/lib/thumb/v6-m/nofp/libg.a(lib_a-memcpy-stub.o)
                                        0x8ef (size before relaxing)
 .debug_str     0x0000000000004636       0xa1 /usr/lib/gcc/arm-none-eabi/9.2.1/../../../arm-none-eabi/lib/thumb/v6-m/nofp/libg.a(lib_a-memset.o)
                                        0x8ca (size before relaxing)
 .debug_str     0x00000000000046d7       0x4f /usr/lib/gcc/arm-none-eabi/9.2.1/../../../arm-none-eabi/lib/thumb/v6-m/nofp/libg.a(lib_a-__atexit.o)
                                        0x606 (size before relaxing)
 .debug_str     0x0000000000004726       0x74 /usr/lib/gcc/arm-none-eabi/9.2.1/../../../arm-none-eabi/lib/thumb/v6-m/nofp/libg.a(lib_a-__call_atexit.o)
                                        0x619 (size before relaxing)

.debug_frame    0x0000000000000000     0x20d8
 .debug_frame   0x0000000000000000       0x44 CMakeFiles/esc_adapter.elf.dir/Core/Src/checksum.c.obj
 .debug_frame   0x0000000000000044       0x50 CMakeFiles/esc_adapter.elf.dir/Core/Src/data.c.obj
 .debug_frame   0x0000000000000094       0x20 CMakeFiles/esc_adapter.elf.dir/Core/Src/device.c.obj
 .debug_frame   0x00000000000000b4       0xa0 CMakeFiles/esc_adapter.elf.dir/Core/Src/esc_adapter.c.obj
 .debug_frame   0x0000000000000154       0x94 CMakeFiles/esc_adapter.elf.dir/Core/Src/main.c.obj
 .debug_frame   0x00000000000001e8       0x98 CMakeFiles/esc_adapter.elf.dir/Core/Src/stm32f0xx_hal_msp.c.obj
 .debug_frame   0x0000000000000280       0x80 CMakeFiles/esc_adapter.elf.dir/Core/Src/stm32f0xx_it.c.obj
 .debug_frame   0x0000000000000300       0x38 CMakeFiles/esc_adapter.elf.dir/Core/Src/system_stm32f0xx.c.obj
 .debug_frame   0x0000000000000338      0x1ac CMakeFiles/esc_adapter.elf.dir/Drivers/STM32F0xx_HAL_Driver/Src/stm32f0xx_hal.c.obj
 .debug_frame   0x00000000000004e4       0xe4 CMakeFiles/esc_adapter.elf.dir/Drivers/STM32F0xx_HAL_Driver/Src/stm32f0xx_hal_cortex.c.obj
 .debug_frame   0x00000000000005c8      0x168 CMakeFiles/esc_adapter.elf.dir/Drivers/STM32F0xx_HAL_Driver/Src/stm32f0xx_hal_dma.c.obj
 .debug_frame   0x0000000000000730       0xc0 CMakeFiles/esc_adapter.elf.dir/Drivers/STM32F0xx_HAL_Driver/Src/stm32f0xx_hal_gpio.c.obj
 .debug_frame   0x00000000000007f0      0x13c CMakeFiles/esc_adapter.elf.dir/Drivers/STM32F0xx_HAL_Driver/Src/stm32f0xx_hal_rcc.c.obj
 .debug_frame   0x000000000000092c       0x58 CMakeFiles/esc_adapter.elf.dir/Drivers/STM32F0xx_HAL_Driver/Src/stm32f0xx_hal_rcc_ex.c.obj
 .debug_frame   0x0000000000000984      0xad0 CMakeFiles/esc_adapter.elf.dir/Drivers/STM32F0xx_HAL_Driver/Src/stm32f0xx_hal_tim.c.obj
 .debug_frame   0x0000000000001454      0x420 CMakeFiles/esc_adapter.elf.dir/Drivers/STM32F0xx_HAL_Driver/Src/stm32f0xx_hal_tim_ex.c.obj
 .debug_frame   0x0000000000001874      0x624 CMakeFiles/esc_adapter.elf.dir/Drivers/STM32F0xx_HAL_Driver/Src/stm32f0xx_hal_uart.c.obj
 .debug_frame   0x0000000000001e98       0xb0 CMakeFiles/esc_adapter.elf.dir/Drivers/STM32F0xx_HAL_Driver/Src/stm32f0xx_hal_uart_ex.c.obj
 .debug_frame   0x0000000000001f48       0x20 /usr/lib/gcc/arm-none-eabi/9.2.1/thumb/v6-m/nofp/libgcc.a(_udivsi3.o)
 .debug_frame   0x0000000000001f68       0x28 /usr/lib/gcc/arm-none-eabi/9.2.1/../../../arm-none-eabi/lib/thumb/v6-m/nofp/libg.a(lib_a-atexit.o)
 .debug_frame   0x0000000000001f90       0x2c /usr/lib/gcc/arm-none-eabi/9.2.1/../../../arm-none-eabi/lib/thumb/v6-m/nofp/libg.a(lib_a-fini.o)
 .debug_frame   0x0000000000001fbc       0x2c /usr/lib/gcc/arm-none-eabi/9.2.1/../../../arm-none-eabi/lib/thumb/v6-m/nofp/libg.a(lib_a-init.o)
 .debug_frame   0x0000000000001fe8       0x34 /usr/lib/gcc/arm-none-eabi/9.2.1/../../../arm-none-eabi/lib/thumb/v6-m/nofp/libg.a(lib_a-memcpy-stub.o)
 .debug_frame   0x000000000000201c       0x30 /usr/lib/gcc/arm-none-eabi/9.2.1/../../../arm-none-eabi/lib/thumb/v6-m/nofp/libg.a(lib_a-memset.o)
 .debug_frame   0x000000000000204c       0x38 /usr/lib/gcc/arm-none-eabi/9.2.1/../../../arm-none-eabi/lib/thumb/v6-m/nofp/libg.a(lib_a-__atexit.o)
 .debug_frame   0x0000000000002084       0x54 /usr/lib/gcc/arm-none-eabi/9.2.1/../../../arm-none-eabi/lib/thumb/v6-m/nofp/libg.a(lib_a-__call_atexit.o)
