Archive member included to satisfy reference by file (symbol)

/usr/lib/gcc/arm-none-eabi/9.2.1/thumb/v6-m/nofp/libgcc.a(_udivsi3.o)
                              CMakeFiles/esc_adapter.elf.dir/Core/Src/system_stm32f0xx.c.obj (__aeabi_uidiv)
/usr/lib/gcc/arm-none-eabi/9.2.1/thumb/v6-m/nofp/libgcc.a(_dvmd_tls.o)
                              /usr/lib/gcc/arm-none-eabi/9.2.1/thumb/v6-m/nofp/libgcc.a(_udivsi3.o) (__aeabi_idiv0)
/usr/lib/gcc/arm-none-eabi/9.2.1/../../../arm-none-eabi/lib/thumb/v6-m/nofp/libg.a(lib_a-atexit.o)
                              /usr/lib/gcc/arm-none-eabi/9.2.1/../../../arm-none-eabi/lib/thumb/v6-m/nofp/crt0.o (atexit)
/usr/lib/gcc/arm-none-eabi/9.2.1/../../../arm-none-eabi/lib/thumb/v6-m/nofp/libg.a(lib_a-errno.o)
                              CMakeFiles/esc_adapter.elf.dir/Core/Src/syscalls.c.obj (__errno)
/usr/lib/gcc/arm-none-eabi/9.2.1/../../../arm-none-eabi/lib/thumb/v6-m/nofp/libg.a(lib_a-exit.o)
                              /usr/lib/gcc/arm-none-eabi/9.2.1/../../../arm-none-eabi/lib/thumb/v6-m/nofp/crt0.o (exit)
/usr/lib/gcc/arm-none-eabi/9.2.1/../../../arm-none-eabi/lib/thumb/v6-m/nofp/libg.a(lib_a-fini.o)
                              /usr/lib/gcc/arm-none-eabi/9.2.1/../../../arm-none-eabi/lib/thumb/v6-m/nofp/crt0.o (__libc_fini_array)
/usr/lib/gcc/arm-none-eabi/9.2.1/../../../arm-none-eabi/lib/thumb/v6-m/nofp/libg.a(lib_a-impure.o)
                              /usr/lib/gcc/arm-none-eabi/9.2.1/../../../arm-none-eabi/lib/thumb/v6-m/nofp/libg.a(lib_a-exit.o) (_global_impure_ptr)
/usr/lib/gcc/arm-none-eabi/9.2.1/../../../arm-none-eabi/lib/thumb/v6-m/nofp/libg.a(lib_a-init.o)
                              /usr/lib/gcc/arm-none-eabi/9.2.1/../../../arm-none-eabi/lib/thumb/v6-m/nofp/crt0.o (__libc_init_array)
/usr/lib/gcc/arm-none-eabi/9.2.1/../../../arm-none-eabi/lib/thumb/v6-m/nofp/libg.a(lib_a-memcpy-stub.o)
                              CMakeFiles/esc_adapter.elf.dir/Core/Src/data.c.obj (memcpy)
/usr/lib/gcc/arm-none-eabi/9.2.1/../../../arm-none-eabi/lib/thumb/v6-m/nofp/libg.a(lib_a-memset.o)
                              /usr/lib/gcc/arm-none-eabi/9.2.1/../../../arm-none-eabi/lib/thumb/v6-m/nofp/crt0.o (memset)
/usr/lib/gcc/arm-none-eabi/9.2.1/../../../arm-none-eabi/lib/thumb/v6-m/nofp/libg.a(lib_a-__atexit.o)
                              /usr/lib/gcc/arm-none-eabi/9.2.1/../../../arm-none-eabi/lib/thumb/v6-m/nofp/libg.a(lib_a-atexit.o) (__register_exitproc)
/usr/lib/gcc/arm-none-eabi/9.2.1/../../../arm-none-eabi/lib/thumb/v6-m/nofp/libg.a(lib_a-__call_atexit.o)
                              /usr/lib/gcc/arm-none-eabi/9.2.1/../../../arm-none-eabi/lib/thumb/v6-m/nofp/libg.a(lib_a-exit.o) (__call_exitprocs)

Discarded input sections

 .text          0x0000000000000000        0x0 /usr/lib/gcc/arm-none-eabi/9.2.1/thumb/v6-m/nofp/crti.o
 .data          0x0000000000000000        0x0 /usr/lib/gcc/arm-none-eabi/9.2.1/thumb/v6-m/nofp/crti.o
 .bss           0x0000000000000000        0x0 /usr/lib/gcc/arm-none-eabi/9.2.1/thumb/v6-m/nofp/crti.o
 .data          0x0000000000000000        0x4 /usr/lib/gcc/arm-none-eabi/9.2.1/thumb/v6-m/nofp/crtbegin.o
 .text          0x0000000000000000       0x74 /usr/lib/gcc/arm-none-eabi/9.2.1/../../../arm-none-eabi/lib/thumb/v6-m/nofp/crt0.o
 .data          0x0000000000000000        0x0 /usr/lib/gcc/arm-none-eabi/9.2.1/../../../arm-none-eabi/lib/thumb/v6-m/nofp/crt0.o
 .bss           0x0000000000000000        0x0 /usr/lib/gcc/arm-none-eabi/9.2.1/../../../arm-none-eabi/lib/thumb/v6-m/nofp/crt0.o
 .ARM.extab     0x0000000000000000        0x0 /usr/lib/gcc/arm-none-eabi/9.2.1/../../../arm-none-eabi/lib/thumb/v6-m/nofp/crt0.o
 .ARM.exidx     0x0000000000000000       0x10 /usr/lib/gcc/arm-none-eabi/9.2.1/../../../arm-none-eabi/lib/thumb/v6-m/nofp/crt0.o
 .debug_line    0x0000000000000000       0x8c /usr/lib/gcc/arm-none-eabi/9.2.1/../../../arm-none-eabi/lib/thumb/v6-m/nofp/crt0.o
 .debug_info    0x0000000000000000       0x26 /usr/lib/gcc/arm-none-eabi/9.2.1/../../../arm-none-eabi/lib/thumb/v6-m/nofp/crt0.o
 .debug_abbrev  0x0000000000000000       0x14 /usr/lib/gcc/arm-none-eabi/9.2.1/../../../arm-none-eabi/lib/thumb/v6-m/nofp/crt0.o
 .debug_aranges
                0x0000000000000000       0x20 /usr/lib/gcc/arm-none-eabi/9.2.1/../../../arm-none-eabi/lib/thumb/v6-m/nofp/crt0.o
 .debug_str     0x0000000000000000       0x94 /usr/lib/gcc/arm-none-eabi/9.2.1/../../../arm-none-eabi/lib/thumb/v6-m/nofp/crt0.o
 .ARM.attributes
                0x0000000000000000       0x1b /usr/lib/gcc/arm-none-eabi/9.2.1/../../../arm-none-eabi/lib/thumb/v6-m/nofp/crt0.o
 .text          0x0000000000000000        0x0 CMakeFiles/esc_adapter.elf.dir/Core/Src/checksum.c.obj
 .data          0x0000000000000000        0x0 CMakeFiles/esc_adapter.elf.dir/Core/Src/checksum.c.obj
 .bss           0x0000000000000000        0x0 CMakeFiles/esc_adapter.elf.dir/Core/Src/checksum.c.obj
 .text.IsChecksumm8bCorrect
[...]
Memory Configuration

Name             Origin             Length             Attributes
RAM              0x0000000020000000 0x0000000000001000 xrw
FLASH            0x0000000008000000 0x0000000000004000 xr
*default*        0x0000000000000000 0xffffffffffffffff

Linker script and memory map

LOAD /usr/lib/gcc/arm-none-eabi/9.2.1/thumb/v6-m/nofp/crti.o
LOAD /usr/lib/gcc/arm-none-eabi/9.2.1/thumb/v6-m/nofp/crtbegin.o
LOAD /usr/lib/gcc/arm-none-eabi/9.2.1/../../../arm-none-eabi/lib/thumb/v6-m/nofp/crt0.o
LOAD CMakeFiles/esc_adapter.elf.dir/Core/Src/checksum.c.obj
LOAD CMakeFiles/esc_adapter.elf.dir/Core/Src/data.c.obj
LOAD CMakeFiles/esc_adapter.elf.dir/Core/Src/device.c.obj
LOAD CMakeFiles/esc_adapter.elf.dir/Core/Src/esc_adapter.c.obj
LOAD CMakeFiles/esc_adapter.elf.dir/Core/Src/flash.c.obj
LOAD CMakeFiles/esc_adapter.elf.dir/Core/Src/main.c.obj
LOAD CMakeFiles/esc_adapter.elf.dir/Core/Src/stm32f0xx_hal_msp.c.obj
LOAD CMakeFiles/esc_adapter.elf.dir/Core/Src/stm32f0xx_it.c.obj
LOAD CMakeFiles/esc_adapter.elf.dir/Core/Src/syscalls.c.obj
LOAD CMakeFiles/esc_adapter.elf.dir/Core/Src/sysmem.c.obj
LOAD CMakeFiles/esc_adapter.elf.dir/Core/Src/system_stm32f0xx.c.obj
LOAD CMakeFiles/esc_adapter.elf.dir/Core/Startup/startup_stm32f030f4px.s.obj
LOAD CMakeFiles/esc_adapter.elf.dir/Drivers/STM32F0xx_HAL_Driver/Src/stm32f0xx_hal.c.obj
LOAD CMakeFiles/esc_adapter.elf.dir/Drivers/STM32F0xx_HAL_Driver/Src/stm32f0xx_hal_cortex.c.obj
LOAD CMakeFiles/esc_adapter.elf.dir/Drivers/STM32F0xx_HAL_Driver/Src/stm32f0xx_hal_dma.c.obj
LOAD CMakeFiles/esc_adapter.elf.dir/Drivers/STM32F0xx_HAL_Driver/Src/stm32f0xx_hal_exti.c.obj
LOAD CMakeFiles/esc_adapter.elf.dir/Drivers/STM32F0xx_HAL_Driver/Src/stm32f0xx_hal_flash.c.obj
LOAD CMakeFiles/esc_adapter.elf.dir/Drivers/STM32F0xx_HAL_Driver/Src/stm32f0xx_hal_flash_ex.c.obj
LOAD CMakeFiles/esc_adapter.elf.dir/Drivers/STM32F0xx_HAL_Driver/Src/stm32f0xx_hal_gpio.c.obj
LOAD CMakeFiles/esc_adapter.elf.dir/Drivers/STM32F0xx_HAL_Driver/Src/stm32f0xx_hal_i2c.c.obj
LOAD CMakeFiles/esc_adapter.elf.dir/Drivers/STM32F0xx_HAL_Driver/Src/stm32f0xx_hal_i2c_ex.c.obj
LOAD CMakeFiles/esc_adapter.elf.dir/Drivers/STM32F0xx_HAL_Driver/Src/stm32f0xx_hal_pwr.c.obj
LOAD CMakeFiles/esc_adapter.elf.dir/Drivers/STM32F0xx_HAL_Driver/Src/stm32f0xx_hal_pwr_ex.c.obj
LOAD CMakeFiles/esc_adapter.elf.dir/Drivers/STM32F0xx_HAL_Driver/Src/stm32f0xx_hal_rcc.c.obj
LOAD CMakeFiles/esc_adapter.elf.dir/Drivers/STM32F0xx_HAL_Driver/Src/stm32f0xx_hal_rcc_ex.c.obj
LOAD CMakeFiles/esc_adapter.elf.dir/Drivers/STM32F0xx_HAL_Driver/Src/stm32f0xx_hal_tim.c.obj
LOAD CMakeFiles/esc_adapter.elf.dir/Drivers/STM32F0xx_HAL_Driver/Src/stm32f0xx_hal_tim_ex.c.obj
LOAD CMakeFiles/esc_adapter.elf.dir/Drivers/STM32F0xx_HAL_Driver/Src/stm32f0xx_hal_uart.c.obj
LOAD CMakeFiles/esc_adapter.elf.dir/Drivers/STM32F0xx_HAL_Driver/Src/stm32f0xx_hal_uart_ex.c.obj
START GROUP
LOAD /usr/lib/gcc/arm-none-eabi/9.2.1/thumb/v6-m/nofp/libgcc.a
LOAD /usr/lib/gcc/arm-none-eabi/9.2.1/../../../arm-none-eabi/lib/thumb/v6-m/nofp/libg.a
LOAD /usr/lib/gcc/arm-none-eabi/9.2.1/../../../arm-none-eabi/lib/thumb/v6-m/nofp/libc.a
END GROUP
LOAD /usr/lib/gcc/arm-none-eabi/9.2.1/thumb/v6-m/nofp/crtend.o
LOAD /usr/lib/gcc/arm-none-eabi/9.2.1/thumb/v6-m/nofp/crtn.o
                0x0000000020001000                _estack = (ORIGIN (RAM) + LENGTH (RAM))
                0x0000000000000200                _Min_Heap_Size = 0x200
                0x0000000000000400                _Min_Stack_Size = 0x400

.isr_vector     0x0000000008000000       0xc0
                0x0000000008000000                . = ALIGN (0x4)
 *(.isr_vector)
 .isr_vector    0x0000000008000000       0xc0 CMakeFiles/esc_adapter.elf.dir/Core/Startup/startup_stm32f030f4px.s.obj
                0x0000000008000000                g_pfnVectors
                0x00000000080000c0                . = ALIGN (0x4)

.text           0x00000000080000c0     0x2288
                0x00000000080000c0                . = ALIGN (0x4)
 *(.text)
 .text          0x00000000080000c0       0x98 /usr/lib/gcc/arm-none-eabi/9.2.1/thumb/v6-m/nofp/crtbegin.o
 .text          0x0000000008000158      0x114 /usr/lib/gcc/arm-none-eabi/9.2.1/thumb/v6-m/nofp/libgcc.a(_udivsi3.o)
                0x0000000008000158                __udivsi3
                0x0000000008000158                __aeabi_uidiv
                0x0000000008000264                __aeabi_uidivmod
 .text          0x000000000800026c        0x4 /usr/lib/gcc/arm-none-eabi/9.2.1/thumb/v6-m/nofp/libgcc.a(_dvmd_tls.o)
                0x000000000800026c                __aeabi_ldiv0
                0x000000000800026c                __aeabi_idiv0
 .text          0x0000000008000270       0x10 /usr/lib/gcc/arm-none-eabi/9.2.1/../../../arm-none-eabi/lib/thumb/v6-m/nofp/libg.a(lib_a-atexit.o)
                0x0000000008000270                atexit
 .text          0x0000000008000280       0x28 /usr/lib/gcc/arm-none-eabi/9.2.1/../../../arm-none-eabi/lib/thumb/v6-m/nofp/libg.a(lib_a-fini.o)
                0x0000000008000280                __libc_fini_array
 .text          0x00000000080002a8       0x44 /usr/lib/gcc/arm-none-eabi/9.2.1/../../../arm-none-eabi/lib/thumb/v6-m/nofp/libg.a(lib_a-init.o)
                0x00000000080002a8                __libc_init_array
 .text          0x00000000080002ec       0xa8 /usr/lib/gcc/arm-none-eabi/9.2.1/../../../arm-none-eabi/lib/thumb/v6-m/nofp/libg.a(lib_a-memset.o)
                0x00000000080002ec                memset
 .text          0x0000000008000394       0x88 /usr/lib/gcc/arm-none-eabi/9.2.1/../../../arm-none-eabi/lib/thumb/v6-m/nofp/libg.a(lib_a-__atexit.o)
                0x0000000008000394                __register_exitproc
 *(.text*)
 .text.UpdateDeviceSettings
                0x000000000800041c       0x14 CMakeFiles/esc_adapter.elf.dir/Core/Src/device.c.obj
                0x000000000800041c                UpdateDeviceSettings
 .text.HAL_UART_RxCpltCallback
                0x0000000008000430       0xa0 CMakeFiles/esc_adapter.elf.dir/Core/Src/esc_adapter.c.obj
                0x0000000008000430                HAL_UART_RxCpltCallback
 .text.newFrame
                0x00000000080004d0       0x3c CMakeFiles/esc_adapter.elf.dir/Core/Src/esc_adapter.c.obj
                0x00000000080004d0                newFrame
 .text.esc_adapter_init
                0x000000000800050c       0x1c CMakeFiles/esc_adapter.elf.dir/Core/Src/esc_adapter.c.obj
                0x000000000800050c                esc_adapter_init
 .text.MX_GPIO_Init
                0x0000000008000528       0x30 CMakeFiles/esc_adapter.elf.dir/Core/Src/main.c.obj
 .text.Error_Handler
                0x0000000008000558        0x4 CMakeFiles/esc_adapter.elf.dir/Core/Src/main.c.obj
                0x0000000008000558                Error_Handler
 .text.MX_USART1_UART_Init
                0x000000000800055c       0x3c CMakeFiles/esc_adapter.elf.dir/Core/Src/main.c.obj
 .text.MX_TIM17_Init
                0x0000000008000598       0xac CMakeFiles/esc_adapter.elf.dir/Core/Src/main.c.obj
 .text.SystemClock_Config
                0x0000000008000644       0x72 CMakeFiles/esc_adapter.elf.dir/Core/Src/main.c.obj
                0x0000000008000644                SystemClock_Config
 .text.main     0x00000000080006b6       0x3a CMakeFiles/esc_adapter.elf.dir/Core/Src/main.c.obj
                0x00000000080006b6                main
 .text.HAL_MspInit
                0x00000000080006f0       0x30 CMakeFiles/esc_adapter.elf.dir/Core/Src/stm32f0xx_hal_msp.c.obj
                0x00000000080006f0                HAL_MspInit
 .text.HAL_TIM_Base_MspInit
                0x0000000008000720       0x2c CMakeFiles/esc_adapter.elf.dir/Core/Src/stm32f0xx_hal_msp.c.obj
                0x0000000008000720                HAL_TIM_Base_MspInit
 .text.HAL_TIM_MspPostInit
                0x000000000800074c       0x58 CMakeFiles/esc_adapter.elf.dir/Core/Src/stm32f0xx_hal_msp.c.obj
                0x000000000800074c                HAL_TIM_MspPostInit
 .text.HAL_UART_MspInit
                0x00000000080007a4       0x7c CMakeFiles/esc_adapter.elf.dir/Core/Src/stm32f0xx_hal_msp.c.obj
                0x00000000080007a4                HAL_UART_MspInit
 .text.NMI_Handler
                0x0000000008000820        0x2 CMakeFiles/esc_adapter.elf.dir/Core/Src/stm32f0xx_it.c.obj
                0x0000000008000820                NMI_Handler
 .text.HardFault_Handler
                0x0000000008000822        0x2 CMakeFiles/esc_adapter.elf.dir/Core/Src/stm32f0xx_it.c.obj
                0x0000000008000822                HardFault_Handler
 .text.SVC_Handler
                0x0000000008000824        0x2 CMakeFiles/esc_adapter.elf.dir/Core/Src/stm32f0xx_it.c.obj
                0x0000000008000824                SVC_Handler
 .text.PendSV_Handler
                0x0000000008000826        0x2 CMakeFiles/esc_adapter.elf.dir/Core/Src/stm32f0xx_it.c.obj
                0x0000000008000826                PendSV_Handler
 .text.SysTick_Handler
                0x0000000008000828        0x8 CMakeFiles/esc_adapter.elf.dir/Core/Src/stm32f0xx_it.c.obj
                0x0000000008000828                SysTick_Handler
 .text.USART1_IRQHandler
                0x0000000008000830       0x10 CMakeFiles/esc_adapter.elf.dir/Core/Src/stm32f0xx_it.c.obj
                0x0000000008000830                USART1_IRQHandler
 .text.SystemInit
                0x0000000008000840        0x2 CMakeFiles/esc_adapter.elf.dir/Core/Src/system_stm32f0xx.c.obj
                0x0000000008000840                SystemInit
 *fill*         0x0000000008000842        0x2 
 .text.Reset_Handler
                0x0000000008000844       0x50 CMakeFiles/esc_adapter.elf.dir/Core/Startup/startup_stm32f030f4px.s.obj
                0x0000000008000844                Reset_Handler
 .text.Default_Handler
                0x0000000008000894        0x2 CMakeFiles/esc_adapter.elf.dir/Core/Startup/startup_stm32f030f4px.s.obj
                0x0000000008000894                TIM1_CC_IRQHandler
                0x0000000008000894                I2C1_IRQHandler
                0x0000000008000894                SPI1_IRQHandler
                0x0000000008000894                EXTI2_3_IRQHandler
                0x0000000008000894                ADC1_IRQHandler
                0x0000000008000894                TIM17_IRQHandler
                0x0000000008000894                RTC_IRQHandler
                0x0000000008000894                TIM16_IRQHandler
                0x0000000008000894                TIM3_IRQHandler
                0x0000000008000894                EXTI4_15_IRQHandler
                0x0000000008000894                RCC_IRQHandler
                0x0000000008000894                DMA1_Channel1_IRQHandler
                0x0000000008000894                Default_Handler
                0x0000000008000894                TIM14_IRQHandler
                0x0000000008000894                DMA1_Channel4_5_IRQHandler
                0x0000000008000894                EXTI0_1_IRQHandler
                0x0000000008000894                WWDG_IRQHandler
                0x0000000008000894                DMA1_Channel2_3_IRQHandler
                0x0000000008000894                FLASH_IRQHandler
                0x0000000008000894                TIM1_BRK_UP_TRG_COM_IRQHandler
 *fill*         0x0000000008000896        0x2 
 .text.HAL_InitTick
                0x0000000008000898       0x50 CMakeFiles/esc_adapter.elf.dir/Drivers/STM32F0xx_HAL_Driver/Src/stm32f0xx_hal.c.obj
                0x0000000008000898                HAL_InitTick
 .text.HAL_Init
                0x00000000080008e8       0x20 CMakeFiles/esc_adapter.elf.dir/Drivers/STM32F0xx_HAL_Driver/Src/stm32f0xx_hal.c.obj
                0x00000000080008e8                HAL_Init
 .text.HAL_IncTick
                0x0000000008000908       0x18 CMakeFiles/esc_adapter.elf.dir/Drivers/STM32F0xx_HAL_Driver/Src/stm32f0xx_hal.c.obj
                0x0000000008000908                HAL_IncTick
 .text.HAL_GetTick
                0x0000000008000920        0xc CMakeFiles/esc_adapter.elf.dir/Drivers/STM32F0xx_HAL_Driver/Src/stm32f0xx_hal.c.obj
                0x0000000008000920                HAL_GetTick
 .text.HAL_Delay
                0x000000000800092c       0x24 CMakeFiles/esc_adapter.elf.dir/Drivers/STM32F0xx_HAL_Driver/Src/stm32f0xx_hal.c.obj
                0x000000000800092c                HAL_Delay
 .text.HAL_NVIC_SetPriority
                0x0000000008000950       0x60 CMakeFiles/esc_adapter.elf.dir/Drivers/STM32F0xx_HAL_Driver/Src/stm32f0xx_hal_cortex.c.obj
                0x0000000008000950                HAL_NVIC_SetPriority
 .text.HAL_NVIC_EnableIRQ
                0x00000000080009b0       0x18 CMakeFiles/esc_adapter.elf.dir/Drivers/STM32F0xx_HAL_Driver/Src/stm32f0xx_hal_cortex.c.obj
                0x00000000080009b0                HAL_NVIC_EnableIRQ
 .text.HAL_SYSTICK_Config
                0x00000000080009c8       0x38 CMakeFiles/esc_adapter.elf.dir/Drivers/STM32F0xx_HAL_Driver/Src/stm32f0xx_hal_cortex.c.obj
                0x00000000080009c8                HAL_SYSTICK_Config
 .text.HAL_DMA_Abort
                0x0000000008000a00       0x44 CMakeFiles/esc_adapter.elf.dir/Drivers/STM32F0xx_HAL_Driver/Src/stm32f0xx_hal_dma.c.obj
                0x0000000008000a00                HAL_DMA_Abort
 .text.HAL_DMA_Abort_IT
                0x0000000008000a44       0x4a CMakeFiles/esc_adapter.elf.dir/Drivers/STM32F0xx_HAL_Driver/Src/stm32f0xx_hal_dma.c.obj
                0x0000000008000a44                HAL_DMA_Abort_IT
 *fill*         0x0000000008000a8e        0x2 
 .text.HAL_GPIO_Init
                0x0000000008000a90      0x18c CMakeFiles/esc_adapter.elf.dir/Drivers/STM32F0xx_HAL_Driver/Src/stm32f0xx_hal_gpio.c.obj
                0x0000000008000a90                HAL_GPIO_Init
 .text.HAL_RCC_OscConfig
                0x0000000008000c1c      0x49c CMakeFiles/esc_adapter.elf.dir/Drivers/STM32F0xx_HAL_Driver/Src/stm32f0xx_hal_rcc.c.obj
                0x0000000008000c1c                HAL_RCC_OscConfig
 .text.HAL_RCC_GetSysClockFreq
                0x00000000080010b8       0x70 CMakeFiles/esc_adapter.elf.dir/Drivers/STM32F0xx_HAL_Driver/Src/stm32f0xx_hal_rcc.c.obj
                0x00000000080010b8                HAL_RCC_GetSysClockFreq
 .text.HAL_RCC_ClockConfig
                0x0000000008001128      0x134 CMakeFiles/esc_adapter.elf.dir/Drivers/STM32F0xx_HAL_Driver/Src/stm32f0xx_hal_rcc.c.obj
                0x0000000008001128                HAL_RCC_ClockConfig
 .text.HAL_RCC_GetHCLKFreq
                0x000000000800125c        0xc CMakeFiles/esc_adapter.elf.dir/Drivers/STM32F0xx_HAL_Driver/Src/stm32f0xx_hal_rcc.c.obj
                0x000000000800125c                HAL_RCC_GetHCLKFreq
 .text.HAL_RCC_GetPCLK1Freq
                0x0000000008001268       0x20 CMakeFiles/esc_adapter.elf.dir/Drivers/STM32F0xx_HAL_Driver/Src/stm32f0xx_hal_rcc.c.obj
                0x0000000008001268                HAL_RCC_GetPCLK1Freq
 .text.HAL_RCCEx_PeriphCLKConfig
                0x0000000008001288      0x11c CMakeFiles/esc_adapter.elf.dir/Drivers/STM32F0xx_HAL_Driver/Src/stm32f0xx_hal_rcc_ex.c.obj
                0x0000000008001288                HAL_RCCEx_PeriphCLKConfig
 .text.TIM_OC1_SetConfig
                0x00000000080013a4       0x78 CMakeFiles/esc_adapter.elf.dir/Drivers/STM32F0xx_HAL_Driver/Src/stm32f0xx_hal_tim.c.obj
 .text.TIM_OC3_SetConfig
                0x000000000800141c       0x88 CMakeFiles/esc_adapter.elf.dir/Drivers/STM32F0xx_HAL_Driver/Src/stm32f0xx_hal_tim.c.obj
 .text.TIM_OC4_SetConfig
                0x00000000080014a4       0x68 CMakeFiles/esc_adapter.elf.dir/Drivers/STM32F0xx_HAL_Driver/Src/stm32f0xx_hal_tim.c.obj
 .text.HAL_TIM_PWM_MspInit
                0x000000000800150c        0x2 CMakeFiles/esc_adapter.elf.dir/Drivers/STM32F0xx_HAL_Driver/Src/stm32f0xx_hal_tim.c.obj
                0x000000000800150c                HAL_TIM_PWM_MspInit
 *fill*         0x000000000800150e        0x2 
 .text.TIM_Base_SetConfig
                0x0000000008001510       0x84 CMakeFiles/esc_adapter.elf.dir/Drivers/STM32F0xx_HAL_Driver/Src/stm32f0xx_hal_tim.c.obj
                0x0000000008001510                TIM_Base_SetConfig
 .text.HAL_TIM_Base_Init
                0x0000000008001594       0x58 CMakeFiles/esc_adapter.elf.dir/Drivers/STM32F0xx_HAL_Driver/Src/stm32f0xx_hal_tim.c.obj
                0x0000000008001594                HAL_TIM_Base_Init
 .text.HAL_TIM_PWM_Init
                0x00000000080015ec       0x58 CMakeFiles/esc_adapter.elf.dir/Drivers/STM32F0xx_HAL_Driver/Src/stm32f0xx_hal_tim.c.obj
                0x00000000080015ec                HAL_TIM_PWM_Init
 .text.TIM_OC2_SetConfig
                0x0000000008001644       0x80 CMakeFiles/esc_adapter.elf.dir/Drivers/STM32F0xx_HAL_Driver/Src/stm32f0xx_hal_tim.c.obj
                0x0000000008001644                TIM_OC2_SetConfig
 .text.HAL_TIM_PWM_ConfigChannel
                0x00000000080016c4       0xf0 CMakeFiles/esc_adapter.elf.dir/Drivers/STM32F0xx_HAL_Driver/Src/stm32f0xx_hal_tim.c.obj
                0x00000000080016c4                HAL_TIM_PWM_ConfigChannel
 .text.TIM_CCxChannelCmd
                0x00000000080017b4       0x1a CMakeFiles/esc_adapter.elf.dir/Drivers/STM32F0xx_HAL_Driver/Src/stm32f0xx_hal_tim.c.obj
                0x00000000080017b4                TIM_CCxChannelCmd
 *fill*         0x00000000080017ce        0x2 
 .text.HAL_TIM_PWM_Start
                0x00000000080017d0       0xe4 CMakeFiles/esc_adapter.elf.dir/Drivers/STM32F0xx_HAL_Driver/Src/stm32f0xx_hal_tim.c.obj
                0x00000000080017d0                HAL_TIM_PWM_Start
 .text.HAL_TIMEx_ConfigBreakDeadTime
                0x00000000080018b4       0x6c CMakeFiles/esc_adapter.elf.dir/Drivers/STM32F0xx_HAL_Driver/Src/stm32f0xx_hal_tim_ex.c.obj
                0x00000000080018b4                HAL_TIMEx_ConfigBreakDeadTime
 .text.UART_EndRxTransfer
                0x0000000008001920       0x5c CMakeFiles/esc_adapter.elf.dir/Drivers/STM32F0xx_HAL_Driver/Src/stm32f0xx_hal_uart.c.obj
 .text.HAL_UART_TxCpltCallback
                0x000000000800197c        0x2 CMakeFiles/esc_adapter.elf.dir/Drivers/STM32F0xx_HAL_Driver/Src/stm32f0xx_hal_uart.c.obj
                0x000000000800197c                HAL_UART_TxCpltCallback
 .text.UART_EndTransmit_IT
                0x000000000800197e       0x28 CMakeFiles/esc_adapter.elf.dir/Drivers/STM32F0xx_HAL_Driver/Src/stm32f0xx_hal_uart.c.obj
 .text.HAL_UART_ErrorCallback
                0x00000000080019a6        0x2 CMakeFiles/esc_adapter.elf.dir/Drivers/STM32F0xx_HAL_Driver/Src/stm32f0xx_hal_uart.c.obj
                0x00000000080019a6                HAL_UART_ErrorCallback
 .text.UART_DMAAbortOnError
                0x00000000080019a8       0x14 CMakeFiles/esc_adapter.elf.dir/Drivers/STM32F0xx_HAL_Driver/Src/stm32f0xx_hal_uart.c.obj
 .text.HAL_UARTEx_RxEventCallback
                0x00000000080019bc        0x2 CMakeFiles/esc_adapter.elf.dir/Drivers/STM32F0xx_HAL_Driver/Src/stm32f0xx_hal_uart.c.obj
                0x00000000080019bc                HAL_UARTEx_RxEventCallback
 *fill*         0x00000000080019be        0x2 
 .text.HAL_UART_IRQHandler
                0x00000000080019c0      0x2b4 CMakeFiles/esc_adapter.elf.dir/Drivers/STM32F0xx_HAL_Driver/Src/stm32f0xx_hal_uart.c.obj
                0x00000000080019c0                HAL_UART_IRQHandler
 .text.UART_RxISR_8BIT
                0x0000000008001c74       0xb0 CMakeFiles/esc_adapter.elf.dir/Drivers/STM32F0xx_HAL_Driver/Src/stm32f0xx_hal_uart.c.obj
 .text.UART_RxISR_16BIT
                0x0000000008001d24       0xb0 CMakeFiles/esc_adapter.elf.dir/Drivers/STM32F0xx_HAL_Driver/Src/stm32f0xx_hal_uart.c.obj
 .text.UART_SetConfig
                0x0000000008001dd4      0x158 CMakeFiles/esc_adapter.elf.dir/Drivers/STM32F0xx_HAL_Driver/Src/stm32f0xx_hal_uart.c.obj
                0x0000000008001dd4                UART_SetConfig
 .text.UART_AdvFeatureConfig
                0x0000000008001f2c       0xe0 CMakeFiles/esc_adapter.elf.dir/Drivers/STM32F0xx_HAL_Driver/Src/stm32f0xx_hal_uart.c.obj
                0x0000000008001f2c                UART_AdvFeatureConfig
 .text.UART_WaitOnFlagUntilTimeout
                0x000000000800200c       0xdc CMakeFiles/esc_adapter.elf.dir/Drivers/STM32F0xx_HAL_Driver/Src/stm32f0xx_hal_uart.c.obj
                0x000000000800200c                UART_WaitOnFlagUntilTimeout
 .text.UART_CheckIdleState
                0x00000000080020e8       0x70 CMakeFiles/esc_adapter.elf.dir/Drivers/STM32F0xx_HAL_Driver/Src/stm32f0xx_hal_uart.c.obj
                0x00000000080020e8                UART_CheckIdleState
 .text.UART_Start_Receive_IT
                0x0000000008002158       0xbc CMakeFiles/esc_adapter.elf.dir/Drivers/STM32F0xx_HAL_Driver/Src/stm32f0xx_hal_uart.c.obj
                0x0000000008002158                UART_Start_Receive_IT
 .text.HAL_UART_Receive_IT
                0x0000000008002214       0x72 CMakeFiles/esc_adapter.elf.dir/Drivers/STM32F0xx_HAL_Driver/Src/stm32f0xx_hal_uart.c.obj
                0x0000000008002214                HAL_UART_Receive_IT
 *fill*         0x0000000008002286        0x2 
 .text.HAL_RS485Ex_Init
                0x0000000008002288       0x90 CMakeFiles/esc_adapter.elf.dir/Drivers/STM32F0xx_HAL_Driver/Src/stm32f0xx_hal_uart_ex.c.obj
                0x0000000008002288                HAL_RS485Ex_Init
 .text.startup  0x0000000008002318       0x18 /usr/lib/gcc/arm-none-eabi/9.2.1/../../../arm-none-eabi/lib/thumb/v6-m/nofp/libg.a(lib_a-__call_atexit.o)
 *(.glue_7)
 .glue_7        0x0000000008002330        0x0 linker stubs
 *(.glue_7t)
 .glue_7t       0x0000000008002330        0x0 linker stubs
 *(.eh_frame)
 .eh_frame      0x0000000008002330        0x0 /usr/lib/gcc/arm-none-eabi/9.2.1/thumb/v6-m/nofp/crtbegin.o
 *(.init)
 .init          0x0000000008002330        0x4 /usr/lib/gcc/arm-none-eabi/9.2.1/thumb/v6-m/nofp/crti.o
                0x0000000008002330                _init
 .init          0x0000000008002334        0x8 /usr/lib/gcc/arm-none-eabi/9.2.1/thumb/v6-m/nofp/crtn.o
 *(.fini)
 .fini          0x000000000800233c        0x4 /usr/lib/gcc/arm-none-eabi/9.2.1/thumb/v6-m/nofp/crti.o
                0x000000000800233c                _fini
 .fini          0x0000000008002340        0x8 /usr/lib/gcc/arm-none-eabi/9.2.1/thumb/v6-m/nofp/crtn.o
                0x0000000008002348                . = ALIGN (0x4)
                0x0000000008002348                _etext = .

.vfp11_veneer   0x0000000008002348        0x0
 .vfp11_veneer  0x0000000008002348        0x0 linker stubs

.v4_bx          0x0000000008002348        0x0
 .v4_bx         0x0000000008002348        0x0 linker stubs

.iplt           0x0000000008002348        0x0
 .iplt          0x0000000008002348        0x0 /usr/lib/gcc/arm-none-eabi/9.2.1/thumb/v6-m/nofp/crtbegin.o

.rodata         0x0000000008002348       0x44
                0x0000000008002348                . = ALIGN (0x4)
 *(.rodata)
 .rodata        0x0000000008002348        0x4 /usr/lib/gcc/arm-none-eabi/9.2.1/../../../arm-none-eabi/lib/thumb/v6-m/nofp/libg.a(lib_a-impure.o)
                0x0000000008002348                _global_impure_ptr
 *(.rodata*)
 .rodata.AHBPrescTable
                0x000000000800234c       0x10 CMakeFiles/esc_adapter.elf.dir/Core/Src/system_stm32f0xx.c.obj
                0x000000000800234c                AHBPrescTable
 .rodata.APBPrescTable
                0x000000000800235c        0x8 CMakeFiles/esc_adapter.elf.dir/Core/Src/system_stm32f0xx.c.obj
                0x000000000800235c                APBPrescTable
 .rodata.HAL_RCC_GetSysClockFreq.str1.4
                0x0000000008002364       0x25 CMakeFiles/esc_adapter.elf.dir/Drivers/STM32F0xx_HAL_Driver/Src/stm32f0xx_hal_rcc.c.obj
                0x000000000800238c                . = ALIGN (0x4)
 *fill*         0x0000000008002389        0x3 

.rel.dyn        0x000000000800238c        0x0
 .rel.iplt      0x000000000800238c        0x0 /usr/lib/gcc/arm-none-eabi/9.2.1/thumb/v6-m/nofp/crtbegin.o

.ARM.extab      0x000000000800238c        0x0
                0x000000000800238c                . = ALIGN (0x4)
 *(.ARM.extab* .gnu.linkonce.armextab.*)
                0x000000000800238c                . = ALIGN (0x4)

.ARM            0x000000000800238c        0x0
                0x000000000800238c                . = ALIGN (0x4)
                0x000000000800238c                __exidx_start = .
 *(.ARM.exidx*)
                0x000000000800238c                __exidx_end = .
                0x000000000800238c                . = ALIGN (0x4)

.preinit_array  0x000000000800238c        0x0
                0x000000000800238c                . = ALIGN (0x4)
                0x000000000800238c                PROVIDE (__preinit_array_start = .)
 *(.preinit_array*)
                0x000000000800238c                PROVIDE (__preinit_array_end = .)
                0x000000000800238c                . = ALIGN (0x4)

.init_array     0x000000000800238c        0x8
                0x000000000800238c                . = ALIGN (0x4)
                0x000000000800238c                PROVIDE (__init_array_start = .)
 *(SORT_BY_NAME(.init_array.*))
 .init_array.00000
                0x000000000800238c        0x4 /usr/lib/gcc/arm-none-eabi/9.2.1/../../../arm-none-eabi/lib/thumb/v6-m/nofp/libg.a(lib_a-__call_atexit.o)
 *(.init_array*)
 .init_array    0x0000000008002390        0x4 /usr/lib/gcc/arm-none-eabi/9.2.1/thumb/v6-m/nofp/crtbegin.o
                0x0000000008002394                PROVIDE (__init_array_end = .)
                0x0000000008002394                . = ALIGN (0x4)

.fini_array     0x0000000008002394        0x4
                0x0000000008002394                . = ALIGN (0x4)
                0x0000000008002394                PROVIDE (__fini_array_start = .)
 *(SORT_BY_NAME(.fini_array.*))
 *(.fini_array*)
 .fini_array    0x0000000008002394        0x4 /usr/lib/gcc/arm-none-eabi/9.2.1/thumb/v6-m/nofp/crtbegin.o
                0x0000000008002398                PROVIDE (__fini_array_end = .)
                0x0000000008002398                . = ALIGN (0x4)
                0x0000000008002398                _sidata = LOADADDR (.data)

.data           0x0000000020000000      0x440 load address 0x0000000008002398
                0x0000000020000000                . = ALIGN (0x4)
                0x0000000020000000                _sdata = .
 *(.data)
 .data          0x0000000020000000      0x430 /usr/lib/gcc/arm-none-eabi/9.2.1/../../../arm-none-eabi/lib/thumb/v6-m/nofp/libg.a(lib_a-impure.o)
                0x0000000020000000                _impure_ptr
 *(.data*)
 .data.frameSize
                0x0000000020000430        0x1 CMakeFiles/esc_adapter.elf.dir/Core/Src/esc_adapter.c.obj
 *fill*         0x0000000020000431        0x3 
 .data.SystemCoreClock
                0x0000000020000434        0x4 CMakeFiles/esc_adapter.elf.dir/Core/Src/system_stm32f0xx.c.obj
                0x0000000020000434                SystemCoreClock
 .data.uwTickFreq
                0x0000000020000438        0x1 CMakeFiles/esc_adapter.elf.dir/Drivers/STM32F0xx_HAL_Driver/Src/stm32f0xx_hal.c.obj
                0x0000000020000438                uwTickFreq
 *fill*         0x0000000020000439        0x3 
 .data.uwTickPrio
                0x000000002000043c        0x4 CMakeFiles/esc_adapter.elf.dir/Drivers/STM32F0xx_HAL_Driver/Src/stm32f0xx_hal.c.obj
                0x000000002000043c                uwTickPrio
 *(.RamFunc)
 *(.RamFunc*)
                0x0000000020000440                . = ALIGN (0x4)
                0x0000000020000440                _edata = .

.tm_clone_table
                0x0000000020000440        0x0 load address 0x00000000080027d8
 .tm_clone_table
                0x0000000020000440        0x0 /usr/lib/gcc/arm-none-eabi/9.2.1/thumb/v6-m/nofp/crtbegin.o
 .tm_clone_table
                0x0000000020000440        0x0 /usr/lib/gcc/arm-none-eabi/9.2.1/thumb/v6-m/nofp/crtend.o

.igot.plt       0x0000000020000440        0x0 load address 0x00000000080027d8
 .igot.plt      0x0000000020000440        0x0 /usr/lib/gcc/arm-none-eabi/9.2.1/thumb/v6-m/nofp/crtbegin.o
                0x0000000020000440                . = ALIGN (0x4)

.bss            0x0000000020000440      0x100 load address 0x00000000080027d8
                0x0000000020000440                _sbss = .
                0x0000000020000440                __bss_start__ = _sbss
 *(.bss)
 .bss           0x0000000020000440       0x1c /usr/lib/gcc/arm-none-eabi/9.2.1/thumb/v6-m/nofp/crtbegin.o
 *(.bss*)
 .bss.RxBuff    0x000000002000045c        0x5 CMakeFiles/esc_adapter.elf.dir/Core/Src/esc_adapter.c.obj
 *fill*         0x0000000020000461        0x3 
 .bss.RxCounter
                0x0000000020000464        0x4 CMakeFiles/esc_adapter.elf.dir/Core/Src/esc_adapter.c.obj
 .bss.buff      0x0000000020000468        0x1 CMakeFiles/esc_adapter.elf.dir/Core/Src/esc_adapter.c.obj
 .bss.frameError
                0x0000000020000469        0x1 CMakeFiles/esc_adapter.elf.dir/Core/Src/esc_adapter.c.obj
 .bss.frameReady
                0x000000002000046a        0x1 CMakeFiles/esc_adapter.elf.dir/Core/Src/esc_adapter.c.obj
 *fill*         0x000000002000046b        0x1 
 .bss.prevTick  0x000000002000046c        0x4 CMakeFiles/esc_adapter.elf.dir/Core/Src/esc_adapter.c.obj
 .bss.htim17    0x0000000020000470       0x48 CMakeFiles/esc_adapter.elf.dir/Core/Src/main.c.obj
                0x0000000020000470                htim17
 .bss.huart1    0x00000000200004b8       0x84 CMakeFiles/esc_adapter.elf.dir/Core/Src/main.c.obj
                0x00000000200004b8                huart1
 .bss.uwTick    0x000000002000053c        0x4 CMakeFiles/esc_adapter.elf.dir/Drivers/STM32F0xx_HAL_Driver/Src/stm32f0xx_hal.c.obj
                0x000000002000053c                uwTick
 *(COMMON)
                0x0000000020000540                . = ALIGN (0x4)
                0x0000000020000540                _ebss = .
                0x0000000020000540                __bss_end__ = _ebss

._user_heap_stack
                0x0000000020000540      0x600 load address 0x00000000080027d8
                0x0000000020000540                . = ALIGN (0x8)
                [!provide]                        PROVIDE (end = .)
                0x0000000020000540                PROVIDE (_end = .)
                0x0000000020000740                . = (. + _Min_Heap_Size)
 *fill*         0x0000000020000540      0x200 
                0x0000000020000b40                . = (. + _Min_Stack_Size)
 *fill*         0x0000000020000740      0x400 
                0x0000000020000b40                . = ALIGN (0x8)

/DISCARD/
 libc.a(*)
 libm.a(*)
 libgcc.a(*)

.ARM.attributes
                0x0000000000000000       0x28
 *(.ARM.attributes)
 .ARM.attributes
                0x0000000000000000       0x1e /usr/lib/gcc/arm-none-eabi/9.2.1/thumb/v6-m/nofp/crti.o
 .ARM.attributes
                0x000000000000001e       0x2c /usr/lib/gcc/arm-none-eabi/9.2.1/thumb/v6-m/nofp/crtbegin.o
 .ARM.attributes
                0x000000000000004a       0x2c CMakeFiles/esc_adapter.elf.dir/Core/Src/device.c.obj
 .ARM.attributes
                0x0000000000000076       0x2c CMakeFiles/esc_adapter.elf.dir/Core/Src/esc_adapter.c.obj
 .ARM.attributes
                0x00000000000000a2       0x2c CMakeFiles/esc_adapter.elf.dir/Core/Src/main.c.obj
 .ARM.attributes
                0x00000000000000ce       0x2c CMakeFiles/esc_adapter.elf.dir/Core/Src/stm32f0xx_hal_msp.c.obj
 .ARM.attributes
                0x00000000000000fa       0x2c CMakeFiles/esc_adapter.elf.dir/Core/Src/stm32f0xx_it.c.obj
 .ARM.attributes
                0x0000000000000126       0x2c CMakeFiles/esc_adapter.elf.dir/Core/Src/system_stm32f0xx.c.obj
 .ARM.attributes
                0x0000000000000152       0x21 CMakeFiles/esc_adapter.elf.dir/Core/Startup/startup_stm32f030f4px.s.obj
 .ARM.attributes
                0x0000000000000173       0x2c CMakeFiles/esc_adapter.elf.dir/Drivers/STM32F0xx_HAL_Driver/Src/stm32f0xx_hal.c.obj
 .ARM.attributes
                0x000000000000019f       0x2c CMakeFiles/esc_adapter.elf.dir/Drivers/STM32F0xx_HAL_Driver/Src/stm32f0xx_hal_cortex.c.obj
 .ARM.attributes
                0x00000000000001cb       0x2c CMakeFiles/esc_adapter.elf.dir/Drivers/STM32F0xx_HAL_Driver/Src/stm32f0xx_hal_dma.c.obj
 .ARM.attributes
                0x00000000000001f7       0x2c CMakeFiles/esc_adapter.elf.dir/Drivers/STM32F0xx_HAL_Driver/Src/stm32f0xx_hal_gpio.c.obj
 .ARM.attributes
                0x0000000000000223       0x2c CMakeFiles/esc_adapter.elf.dir/Drivers/STM32F0xx_HAL_Driver/Src/stm32f0xx_hal_rcc.c.obj
 .ARM.attributes
                0x000000000000024f       0x2c CMakeFiles/esc_adapter.elf.dir/Drivers/STM32F0xx_HAL_Driver/Src/stm32f0xx_hal_rcc_ex.c.obj
 .ARM.attributes
                0x000000000000027b       0x2c CMakeFiles/esc_adapter.elf.dir/Drivers/STM32F0xx_HAL_Driver/Src/stm32f0xx_hal_tim.c.obj
 .ARM.attributes
                0x00000000000002a7       0x2c CMakeFiles/esc_adapter.elf.dir/Drivers/STM32F0xx_HAL_Driver/Src/stm32f0xx_hal_tim_ex.c.obj
 .ARM.attributes
                0x00000000000002d3       0x2c CMakeFiles/esc_adapter.elf.dir/Drivers/STM32F0xx_HAL_Driver/Src/stm32f0xx_hal_uart.c.obj
 .ARM.attributes
                0x00000000000002ff       0x2c CMakeFiles/esc_adapter.elf.dir/Drivers/STM32F0xx_HAL_Driver/Src/stm32f0xx_hal_uart_ex.c.obj
 .ARM.attributes
                0x000000000000032b       0x1e /usr/lib/gcc/arm-none-eabi/9.2.1/thumb/v6-m/nofp/libgcc.a(_udivsi3.o)
 .ARM.attributes
                0x0000000000000349       0x1e /usr/lib/gcc/arm-none-eabi/9.2.1/thumb/v6-m/nofp/libgcc.a(_dvmd_tls.o)
 .ARM.attributes
                0x0000000000000367       0x2c /usr/lib/gcc/arm-none-eabi/9.2.1/../../../arm-none-eabi/lib/thumb/v6-m/nofp/libg.a(lib_a-atexit.o)
 .ARM.attributes
                0x0000000000000393       0x2c /usr/lib/gcc/arm-none-eabi/9.2.1/../../../arm-none-eabi/lib/thumb/v6-m/nofp/libg.a(lib_a-fini.o)
 .ARM.attributes
                0x00000000000003bf       0x2c /usr/lib/gcc/arm-none-eabi/9.2.1/../../../arm-none-eabi/lib/thumb/v6-m/nofp/libg.a(lib_a-impure.o)
 .ARM.attributes
                0x00000000000003eb       0x2c /usr/lib/gcc/arm-none-eabi/9.2.1/../../../arm-none-eabi/lib/thumb/v6-m/nofp/libg.a(lib_a-init.o)
 .ARM.attributes
                0x0000000000000417       0x2c /usr/lib/gcc/arm-none-eabi/9.2.1/../../../arm-none-eabi/lib/thumb/v6-m/nofp/libg.a(lib_a-memset.o)
 .ARM.attributes
                0x0000000000000443       0x2c /usr/lib/gcc/arm-none-eabi/9.2.1/../../../arm-none-eabi/lib/thumb/v6-m/nofp/libg.a(lib_a-__atexit.o)
 .ARM.attributes
                0x000000000000046f       0x2c /usr/lib/gcc/arm-none-eabi/9.2.1/../../../arm-none-eabi/lib/thumb/v6-m/nofp/libg.a(lib_a-__call_atexit.o)
 .ARM.attributes
                0x000000000000049b       0x2c /usr/lib/gcc/arm-none-eabi/9.2.1/thumb/v6-m/nofp/crtend.o
 .ARM.attributes
                0x00000000000004c7       0x1e /usr/lib/gcc/arm-none-eabi/9.2.1/thumb/v6-m/nofp/crtn.o
OUTPUT(esc_adapter.elf elf32-littlearm)
LOAD linker stubs
LOAD /usr/lib/gcc/arm-none-eabi/9.2.1/../../../arm-none-eabi/lib/thumb/v6-m/nofp/libc.a
LOAD /usr/lib/gcc/arm-none-eabi/9.2.1/../../../arm-none-eabi/lib/thumb/v6-m/nofp/libm.a
LOAD /usr/lib/gcc/arm-none-eabi/9.2.1/thumb/v6-m/nofp/libgcc.a

.comment        0x0000000000000000       0x59
 .comment       0x0000000000000000       0x59 /usr/lib/gcc/arm-none-eabi/9.2.1/thumb/v6-m/nofp/crtbegin.o
                                         0x5a (size before relaxing)
 .comment       0x0000000000000059       0x5a CMakeFiles/esc_adapter.elf.dir/Core/Src/device.c.obj
 .comment       0x0000000000000059       0x5a CMakeFiles/esc_adapter.elf.dir/Core/Src/esc_adapter.c.obj
 .comment       0x0000000000000059       0x5a CMakeFiles/esc_adapter.elf.dir/Core/Src/main.c.obj
 .comment       0x0000000000000059       0x5a CMakeFiles/esc_adapter.elf.dir/Core/Src/stm32f0xx_hal_msp.c.obj
 .comment       0x0000000000000059       0x5a CMakeFiles/esc_adapter.elf.dir/Core/Src/stm32f0xx_it.c.obj
 .comment       0x0000000000000059       0x5a CMakeFiles/esc_adapter.elf.dir/Core/Src/system_stm32f0xx.c.obj
 .comment       0x0000000000000059       0x5a CMakeFiles/esc_adapter.elf.dir/Drivers/STM32F0xx_HAL_Driver/Src/stm32f0xx_hal.c.obj
 .comment       0x0000000000000059       0x5a CMakeFiles/esc_adapter.elf.dir/Drivers/STM32F0xx_HAL_Driver/Src/stm32f0xx_hal_cortex.c.obj
 .comment       0x0000000000000059       0x5a CMakeFiles/esc_adapter.elf.dir/Drivers/STM32F0xx_HAL_Driver/Src/stm32f0xx_hal_dma.c.obj
 .comment       0x0000000000000059       0x5a CMakeFiles/esc_adapter.elf.dir/Drivers/STM32F0xx_HAL_Driver/Src/stm32f0xx_hal_gpio.c.obj
 .comment       0x0000000000000059       0x5a CMakeFiles/esc_adapter.elf.dir/Drivers/STM32F0xx_HAL_Driver/Src/stm32f0xx_hal_rcc.c.obj
 .comment       0x0000000000000059       0x5a CMakeFiles/esc_adapter.elf.dir/Drivers/STM32F0xx_HAL_Driver/Src/stm32f0xx_hal_rcc_ex.c.obj
 .comment       0x0000000000000059       0x5a CMakeFiles/esc_adapter.elf.dir/Drivers/STM32F0xx_HAL_Driver/Src/stm32f0xx_hal_tim.c.obj
 .comment       0x0000000000000059       0x5a CMakeFiles/esc_adapter.elf.dir/Drivers/STM32F0xx_HAL_Driver/Src/stm32f0xx_hal_tim_ex.c.obj
 .comment       0x0000000000000059       0x5a CMakeFiles/esc_adapter.elf.dir/Drivers/STM32F0xx_HAL_Driver/Src/stm32f0xx_hal_uart.c.obj
 .comment       0x0000000000000059       0x5a CMakeFiles/esc_adapter.elf.dir/Drivers/STM32F0xx_HAL_Driver/Src/stm32f0xx_hal_uart_ex.c.obj
 .comment       0x0000000000000059       0x5a /usr/lib/gcc/arm-none-eabi/9.2.1/../../../arm-none-eabi/lib/thumb/v6-m/nofp/libg.a(lib_a-atexit.o)
 .comment       0x0000000000000059       0x5a /usr/lib/gcc/arm-none-eabi/9.2.1/../../../arm-none-eabi/lib/thumb/v6-m/nofp/libg.a(lib_a-fini.o)
 .comment       0x0000000000000059       0x5a /usr/lib/gcc/arm-none-eabi/9.2.1/../../../arm-none-eabi/lib/thumb/v6-m/nofp/libg.a(lib_a-impure.o)
 .comment       0x0000000000000059       0x5a /usr/lib/gcc/arm-none-eabi/9.2.1/../../../arm-none-eabi/lib/thumb/v6-m/nofp/libg.a(lib_a-init.o)
 .comment       0x0000000000000059       0x5a /usr/lib/gcc/arm-none-eabi/9.2.1/../../../arm-none-eabi/lib/thumb/v6-m/nofp/libg.a(lib_a-memset.o)
 .comment       0x0000000000000059       0x5a /usr/lib/gcc/arm-none-eabi/9.2.1/../../../arm-none-eabi/lib/thumb/v6-m/nofp/libg.a(lib_a-__atexit.o)
 .comment       0x0000000000000059       0x5a /usr/lib/gcc/arm-none-eabi/9.2.1/../../../arm-none-eabi/lib/thumb/v6-m/nofp/libg.a(lib_a-__call_atexit.o)
 .comment       0x0000000000000059       0x5a /usr/lib/gcc/arm-none-eabi/9.2.1/thumb/v6-m/nofp/crtend.o

.debug_info     0x0000000000000000    0x15fe9
 .debug_info    0x0000000000000000      0x2f2 CMakeFiles/esc_adapter.elf.dir/Core/Src/device.c.obj
 .debug_info    0x00000000000002f2     0x16f5 CMakeFiles/esc_adapter.elf.dir/Core/Src/esc_adapter.c.obj
 .debug_info    0x00000000000019e7     0x11e2 CMakeFiles/esc_adapter.elf.dir/Core/Src/main.c.obj
 .debug_info    0x0000000000002bc9      0xf40 CMakeFiles/esc_adapter.elf.dir/Core/Src/stm32f0xx_hal_msp.c.obj
 .debug_info    0x0000000000003b09      0x762 CMakeFiles/esc_adapter.elf.dir/Core/Src/stm32f0xx_it.c.obj
 .debug_info    0x000000000000426b      0x2bb CMakeFiles/esc_adapter.elf.dir/Core/Src/system_stm32f0xx.c.obj
 .debug_info    0x0000000000004526       0x22 CMakeFiles/esc_adapter.elf.dir/Core/Startup/startup_stm32f030f4px.s.obj
 .debug_info    0x0000000000004548      0x745 CMakeFiles/esc_adapter.elf.dir/Drivers/STM32F0xx_HAL_Driver/Src/stm32f0xx_hal.c.obj
 .debug_info    0x0000000000004c8d      0x8bd CMakeFiles/esc_adapter.elf.dir/Drivers/STM32F0xx_HAL_Driver/Src/stm32f0xx_hal_cortex.c.obj
 .debug_info    0x000000000000554a      0x939 CMakeFiles/esc_adapter.elf.dir/Drivers/STM32F0xx_HAL_Driver/Src/stm32f0xx_hal_dma.c.obj
 .debug_info    0x0000000000005e83      0x6eb CMakeFiles/esc_adapter.elf.dir/Drivers/STM32F0xx_HAL_Driver/Src/stm32f0xx_hal_gpio.c.obj
 .debug_info    0x000000000000656e      0xa6c CMakeFiles/esc_adapter.elf.dir/Drivers/STM32F0xx_HAL_Driver/Src/stm32f0xx_hal_rcc.c.obj
 .debug_info    0x0000000000006fda      0x471 CMakeFiles/esc_adapter.elf.dir/Drivers/STM32F0xx_HAL_Driver/Src/stm32f0xx_hal_rcc_ex.c.obj
 .debug_info    0x000000000000744b     0x3d73 CMakeFiles/esc_adapter.elf.dir/Drivers/STM32F0xx_HAL_Driver/Src/stm32f0xx_hal_tim.c.obj
 .debug_info    0x000000000000b1be     0x1acb CMakeFiles/esc_adapter.elf.dir/Drivers/STM32F0xx_HAL_Driver/Src/stm32f0xx_hal_tim_ex.c.obj
 .debug_info    0x000000000000cc89     0x4f2d CMakeFiles/esc_adapter.elf.dir/Drivers/STM32F0xx_HAL_Driver/Src/stm32f0xx_hal_uart.c.obj
 .debug_info    0x0000000000011bb6      0xbc0 CMakeFiles/esc_adapter.elf.dir/Drivers/STM32F0xx_HAL_Driver/Src/stm32f0xx_hal_uart_ex.c.obj
 .debug_info    0x0000000000012776       0x26 /usr/lib/gcc/arm-none-eabi/9.2.1/thumb/v6-m/nofp/libgcc.a(_udivsi3.o)
 .debug_info    0x000000000001279c       0x26 /usr/lib/gcc/arm-none-eabi/9.2.1/thumb/v6-m/nofp/libgcc.a(_dvmd_tls.o)
 .debug_info    0x00000000000127c2      0x995 /usr/lib/gcc/arm-none-eabi/9.2.1/../../../arm-none-eabi/lib/thumb/v6-m/nofp/libg.a(lib_a-atexit.o)
 .debug_info    0x0000000000013157      0x102 /usr/lib/gcc/arm-none-eabi/9.2.1/../../../arm-none-eabi/lib/thumb/v6-m/nofp/libg.a(lib_a-fini.o)
 .debug_info    0x0000000000013259      0x92a /usr/lib/gcc/arm-none-eabi/9.2.1/../../../arm-none-eabi/lib/thumb/v6-m/nofp/libg.a(lib_a-impure.o)
 .debug_info    0x0000000000013b83      0x11a /usr/lib/gcc/arm-none-eabi/9.2.1/../../../arm-none-eabi/lib/thumb/v6-m/nofp/libg.a(lib_a-init.o)
 .debug_info    0x0000000000013c9d      0xf21 /usr/lib/gcc/arm-none-eabi/9.2.1/../../../arm-none-eabi/lib/thumb/v6-m/nofp/libg.a(lib_a-memset.o)
 .debug_info    0x0000000000014bbe      0x9d5 /usr/lib/gcc/arm-none-eabi/9.2.1/../../../arm-none-eabi/lib/thumb/v6-m/nofp/libg.a(lib_a-__atexit.o)
 .debug_info    0x0000000000015593      0xa56 /usr/lib/gcc/arm-none-eabi/9.2.1/../../../arm-none-eabi/lib/thumb/v6-m/nofp/libg.a(lib_a-__call_atexit.o)

.debug_abbrev   0x0000000000000000     0x3122
 .debug_abbrev  0x0000000000000000      0x144 CMakeFiles/esc_adapter.elf.dir/Core/Src/device.c.obj
 .debug_abbrev  0x0000000000000144      0x2e6 CMakeFiles/esc_adapter.elf.dir/Core/Src/esc_adapter.c.obj
 .debug_abbrev  0x000000000000042a      0x2b0 CMakeFiles/esc_adapter.elf.dir/Core/Src/main.c.obj
 .debug_abbrev  0x00000000000006da      0x21a CMakeFiles/esc_adapter.elf.dir/Core/Src/stm32f0xx_hal_msp.c.obj
 .debug_abbrev  0x00000000000008f4      0x191 CMakeFiles/esc_adapter.elf.dir/Core/Src/stm32f0xx_it.c.obj
 .debug_abbrev  0x0000000000000a85      0x148 CMakeFiles/esc_adapter.elf.dir/Core/Src/system_stm32f0xx.c.obj
 .debug_abbrev  0x0000000000000bcd       0x12 CMakeFiles/esc_adapter.elf.dir/Core/Startup/startup_stm32f030f4px.s.obj
 .debug_abbrev  0x0000000000000bdf      0x268 CMakeFiles/esc_adapter.elf.dir/Drivers/STM32F0xx_HAL_Driver/Src/stm32f0xx_hal.c.obj
 .debug_abbrev  0x0000000000000e47      0x2b9 CMakeFiles/esc_adapter.elf.dir/Drivers/STM32F0xx_HAL_Driver/Src/stm32f0xx_hal_cortex.c.obj
 .debug_abbrev  0x0000000000001100      0x23c CMakeFiles/esc_adapter.elf.dir/Drivers/STM32F0xx_HAL_Driver/Src/stm32f0xx_hal_dma.c.obj
 .debug_abbrev  0x000000000000133c      0x213 CMakeFiles/esc_adapter.elf.dir/Drivers/STM32F0xx_HAL_Driver/Src/stm32f0xx_hal_gpio.c.obj
 .debug_abbrev  0x000000000000154f      0x271 CMakeFiles/esc_adapter.elf.dir/Drivers/STM32F0xx_HAL_Driver/Src/stm32f0xx_hal_rcc.c.obj
 .debug_abbrev  0x00000000000017c0      0x1e7 CMakeFiles/esc_adapter.elf.dir/Drivers/STM32F0xx_HAL_Driver/Src/stm32f0xx_hal_rcc_ex.c.obj
 .debug_abbrev  0x00000000000019a7      0x27c CMakeFiles/esc_adapter.elf.dir/Drivers/STM32F0xx_HAL_Driver/Src/stm32f0xx_hal_tim.c.obj
 .debug_abbrev  0x0000000000001c23      0x27f CMakeFiles/esc_adapter.elf.dir/Drivers/STM32F0xx_HAL_Driver/Src/stm32f0xx_hal_tim_ex.c.obj
 .debug_abbrev  0x0000000000001ea2      0x30e CMakeFiles/esc_adapter.elf.dir/Drivers/STM32F0xx_HAL_Driver/Src/stm32f0xx_hal_uart.c.obj
 .debug_abbrev  0x00000000000021b0      0x2b3 CMakeFiles/esc_adapter.elf.dir/Drivers/STM32F0xx_HAL_Driver/Src/stm32f0xx_hal_uart_ex.c.obj
 .debug_abbrev  0x0000000000002463       0x14 /usr/lib/gcc/arm-none-eabi/9.2.1/thumb/v6-m/nofp/libgcc.a(_udivsi3.o)
 .debug_abbrev  0x0000000000002477       0x14 /usr/lib/gcc/arm-none-eabi/9.2.1/thumb/v6-m/nofp/libgcc.a(_dvmd_tls.o)
 .debug_abbrev  0x000000000000248b      0x22f /usr/lib/gcc/arm-none-eabi/9.2.1/../../../arm-none-eabi/lib/thumb/v6-m/nofp/libg.a(lib_a-atexit.o)
 .debug_abbrev  0x00000000000026ba       0xcc /usr/lib/gcc/arm-none-eabi/9.2.1/../../../arm-none-eabi/lib/thumb/v6-m/nofp/libg.a(lib_a-fini.o)
 .debug_abbrev  0x0000000000002786      0x1b8 /usr/lib/gcc/arm-none-eabi/9.2.1/../../../arm-none-eabi/lib/thumb/v6-m/nofp/libg.a(lib_a-impure.o)
 .debug_abbrev  0x000000000000293e       0xcc /usr/lib/gcc/arm-none-eabi/9.2.1/../../../arm-none-eabi/lib/thumb/v6-m/nofp/libg.a(lib_a-init.o)
 .debug_abbrev  0x0000000000002a0a      0x217 /usr/lib/gcc/arm-none-eabi/9.2.1/../../../arm-none-eabi/lib/thumb/v6-m/nofp/libg.a(lib_a-memset.o)
 .debug_abbrev  0x0000000000002c21      0x252 /usr/lib/gcc/arm-none-eabi/9.2.1/../../../arm-none-eabi/lib/thumb/v6-m/nofp/libg.a(lib_a-__atexit.o)
 .debug_abbrev  0x0000000000002e73      0x2af /usr/lib/gcc/arm-none-eabi/9.2.1/../../../arm-none-eabi/lib/thumb/v6-m/nofp/libg.a(lib_a-__call_atexit.o)

.debug_aranges  0x0000000000000000      0xd18
 .debug_aranges
                0x0000000000000000       0x20 CMakeFiles/esc_adapter.elf.dir/Core/Src/device.c.obj
 .debug_aranges
                0x0000000000000020       0x48 CMakeFiles/esc_adapter.elf.dir/Core/Src/esc_adapter.c.obj
 .debug_aranges
                0x0000000000000068       0x48 CMakeFiles/esc_adapter.elf.dir/Core/Src/main.c.obj
 .debug_aranges
                0x00000000000000b0       0x48 CMakeFiles/esc_adapter.elf.dir/Core/Src/stm32f0xx_hal_msp.c.obj
 .debug_aranges
                0x00000000000000f8       0x48 CMakeFiles/esc_adapter.elf.dir/Core/Src/stm32f0xx_it.c.obj
 .debug_aranges
                0x0000000000000140       0x28 CMakeFiles/esc_adapter.elf.dir/Core/Src/system_stm32f0xx.c.obj
 .debug_aranges
                0x0000000000000168       0x28 CMakeFiles/esc_adapter.elf.dir/Core/Startup/startup_stm32f030f4px.s.obj
 .debug_aranges
                0x0000000000000190       0xd0 CMakeFiles/esc_adapter.elf.dir/Drivers/STM32F0xx_HAL_Driver/Src/stm32f0xx_hal.c.obj
 .debug_aranges
                0x0000000000000260       0x78 CMakeFiles/esc_adapter.elf.dir/Drivers/STM32F0xx_HAL_Driver/Src/stm32f0xx_hal_cortex.c.obj
 .debug_aranges
                0x00000000000002d8       0x88 CMakeFiles/esc_adapter.elf.dir/Drivers/STM32F0xx_HAL_Driver/Src/stm32f0xx_hal_dma.c.obj
 .debug_aranges
                0x0000000000000360       0x58 CMakeFiles/esc_adapter.elf.dir/Drivers/STM32F0xx_HAL_Driver/Src/stm32f0xx_hal_gpio.c.obj
 .debug_aranges
                0x00000000000003b8       0x80 CMakeFiles/esc_adapter.elf.dir/Drivers/STM32F0xx_HAL_Driver/Src/stm32f0xx_hal_rcc.c.obj
 .debug_aranges
                0x0000000000000438       0x30 CMakeFiles/esc_adapter.elf.dir/Drivers/STM32F0xx_HAL_Driver/Src/stm32f0xx_hal_rcc_ex.c.obj
 .debug_aranges
                0x0000000000000468      0x3d0 CMakeFiles/esc_adapter.elf.dir/Drivers/STM32F0xx_HAL_Driver/Src/stm32f0xx_hal_tim.c.obj
 .debug_aranges
                0x0000000000000838      0x168 CMakeFiles/esc_adapter.elf.dir/Drivers/STM32F0xx_HAL_Driver/Src/stm32f0xx_hal_tim_ex.c.obj
 .debug_aranges
                0x00000000000009a0      0x218 CMakeFiles/esc_adapter.elf.dir/Drivers/STM32F0xx_HAL_Driver/Src/stm32f0xx_hal_uart.c.obj
 .debug_aranges
                0x0000000000000bb8       0x40 CMakeFiles/esc_adapter.elf.dir/Drivers/STM32F0xx_HAL_Driver/Src/stm32f0xx_hal_uart_ex.c.obj
 .debug_aranges
                0x0000000000000bf8       0x20 /usr/lib/gcc/arm-none-eabi/9.2.1/thumb/v6-m/nofp/libgcc.a(_udivsi3.o)
 .debug_aranges
                0x0000000000000c18       0x20 /usr/lib/gcc/arm-none-eabi/9.2.1/thumb/v6-m/nofp/libgcc.a(_dvmd_tls.o)
 .debug_aranges
                0x0000000000000c38       0x20 /usr/lib/gcc/arm-none-eabi/9.2.1/../../../arm-none-eabi/lib/thumb/v6-m/nofp/libg.a(lib_a-atexit.o)
 .debug_aranges
                0x0000000000000c58       0x20 /usr/lib/gcc/arm-none-eabi/9.2.1/../../../arm-none-eabi/lib/thumb/v6-m/nofp/libg.a(lib_a-fini.o)
 .debug_aranges
                0x0000000000000c78       0x18 /usr/lib/gcc/arm-none-eabi/9.2.1/../../../arm-none-eabi/lib/thumb/v6-m/nofp/libg.a(lib_a-impure.o)
 .debug_aranges
                0x0000000000000c90       0x20 /usr/lib/gcc/arm-none-eabi/9.2.1/../../../arm-none-eabi/lib/thumb/v6-m/nofp/libg.a(lib_a-init.o)
 .debug_aranges
                0x0000000000000cb0       0x20 /usr/lib/gcc/arm-none-eabi/9.2.1/../../../arm-none-eabi/lib/thumb/v6-m/nofp/libg.a(lib_a-memset.o)
 .debug_aranges
                0x0000000000000cd0       0x20 /usr/lib/gcc/arm-none-eabi/9.2.1/../../../arm-none-eabi/lib/thumb/v6-m/nofp/libg.a(lib_a-__atexit.o)
 .debug_aranges
                0x0000000000000cf0       0x28 /usr/lib/gcc/arm-none-eabi/9.2.1/../../../arm-none-eabi/lib/thumb/v6-m/nofp/libg.a(lib_a-__call_atexit.o)

.debug_ranges   0x0000000000000000      0xbc0
 .debug_ranges  0x0000000000000000       0x10 CMakeFiles/esc_adapter.elf.dir/Core/Src/device.c.obj
 .debug_ranges  0x0000000000000010       0x38 CMakeFiles/esc_adapter.elf.dir/Core/Src/esc_adapter.c.obj
 .debug_ranges  0x0000000000000048       0x38 CMakeFiles/esc_adapter.elf.dir/Core/Src/main.c.obj
 .debug_ranges  0x0000000000000080       0x38 CMakeFiles/esc_adapter.elf.dir/Core/Src/stm32f0xx_hal_msp.c.obj
 .debug_ranges  0x00000000000000b8       0x38 CMakeFiles/esc_adapter.elf.dir/Core/Src/stm32f0xx_it.c.obj
 .debug_ranges  0x00000000000000f0       0x18 CMakeFiles/esc_adapter.elf.dir/Core/Src/system_stm32f0xx.c.obj
 .debug_ranges  0x0000000000000108       0x20 CMakeFiles/esc_adapter.elf.dir/Core/Startup/startup_stm32f030f4px.s.obj
 .debug_ranges  0x0000000000000128       0xc0 CMakeFiles/esc_adapter.elf.dir/Drivers/STM32F0xx_HAL_Driver/Src/stm32f0xx_hal.c.obj
 .debug_ranges  0x00000000000001e8       0xc8 CMakeFiles/esc_adapter.elf.dir/Drivers/STM32F0xx_HAL_Driver/Src/stm32f0xx_hal_cortex.c.obj
 .debug_ranges  0x00000000000002b0       0x78 CMakeFiles/esc_adapter.elf.dir/Drivers/STM32F0xx_HAL_Driver/Src/stm32f0xx_hal_dma.c.obj
 .debug_ranges  0x0000000000000328       0x48 CMakeFiles/esc_adapter.elf.dir/Drivers/STM32F0xx_HAL_Driver/Src/stm32f0xx_hal_gpio.c.obj
 .debug_ranges  0x0000000000000370       0x88 CMakeFiles/esc_adapter.elf.dir/Drivers/STM32F0xx_HAL_Driver/Src/stm32f0xx_hal_rcc.c.obj
 .debug_ranges  0x00000000000003f8       0x38 CMakeFiles/esc_adapter.elf.dir/Drivers/STM32F0xx_HAL_Driver/Src/stm32f0xx_hal_rcc_ex.c.obj
 .debug_ranges  0x0000000000000430      0x3c0 CMakeFiles/esc_adapter.elf.dir/Drivers/STM32F0xx_HAL_Driver/Src/stm32f0xx_hal_tim.c.obj
 .debug_ranges  0x00000000000007f0      0x158 CMakeFiles/esc_adapter.elf.dir/Drivers/STM32F0xx_HAL_Driver/Src/stm32f0xx_hal_tim_ex.c.obj
 .debug_ranges  0x0000000000000948      0x208 CMakeFiles/esc_adapter.elf.dir/Drivers/STM32F0xx_HAL_Driver/Src/stm32f0xx_hal_uart.c.obj
 .debug_ranges  0x0000000000000b50       0x30 CMakeFiles/esc_adapter.elf.dir/Drivers/STM32F0xx_HAL_Driver/Src/stm32f0xx_hal_uart_ex.c.obj
 .debug_ranges  0x0000000000000b80       0x40 /usr/lib/gcc/arm-none-eabi/9.2.1/../../../arm-none-eabi/lib/thumb/v6-m/nofp/libg.a(lib_a-__call_atexit.o)

.debug_line     0x0000000000000000     0xf20e
 .debug_line    0x0000000000000000      0x1b6 CMakeFiles/esc_adapter.elf.dir/Core/Src/device.c.obj
 .debug_line    0x00000000000001b6      0x4ae CMakeFiles/esc_adapter.elf.dir/Core/Src/esc_adapter.c.obj
 .debug_line    0x0000000000000664      0x591 CMakeFiles/esc_adapter.elf.dir/Core/Src/main.c.obj
 .debug_line    0x0000000000000bf5      0x38f CMakeFiles/esc_adapter.elf.dir/Core/Src/stm32f0xx_hal_msp.c.obj
 .debug_line    0x0000000000000f84      0x249 CMakeFiles/esc_adapter.elf.dir/Core/Src/stm32f0xx_it.c.obj
 .debug_line    0x00000000000011cd      0x22b CMakeFiles/esc_adapter.elf.dir/Core/Src/system_stm32f0xx.c.obj
 .debug_line    0x00000000000013f8       0xab CMakeFiles/esc_adapter.elf.dir/Core/Startup/startup_stm32f030f4px.s.obj
 .debug_line    0x00000000000014a3      0x4fe CMakeFiles/esc_adapter.elf.dir/Drivers/STM32F0xx_HAL_Driver/Src/stm32f0xx_hal.c.obj
 .debug_line    0x00000000000019a1      0x554 CMakeFiles/esc_adapter.elf.dir/Drivers/STM32F0xx_HAL_Driver/Src/stm32f0xx_hal_cortex.c.obj
 .debug_line    0x0000000000001ef5      0x9dc CMakeFiles/esc_adapter.elf.dir/Drivers/STM32F0xx_HAL_Driver/Src/stm32f0xx_hal_dma.c.obj
 .debug_line    0x00000000000028d1      0x65b CMakeFiles/esc_adapter.elf.dir/Drivers/STM32F0xx_HAL_Driver/Src/stm32f0xx_hal_gpio.c.obj
 .debug_line    0x0000000000002f2c      0xb36 CMakeFiles/esc_adapter.elf.dir/Drivers/STM32F0xx_HAL_Driver/Src/stm32f0xx_hal_rcc.c.obj
 .debug_line    0x0000000000003a62      0x474 CMakeFiles/esc_adapter.elf.dir/Drivers/STM32F0xx_HAL_Driver/Src/stm32f0xx_hal_rcc_ex.c.obj
 .debug_line    0x0000000000003ed6     0x4994 CMakeFiles/esc_adapter.elf.dir/Drivers/STM32F0xx_HAL_Driver/Src/stm32f0xx_hal_tim.c.obj
 .debug_line    0x000000000000886a     0x1b7b CMakeFiles/esc_adapter.elf.dir/Drivers/STM32F0xx_HAL_Driver/Src/stm32f0xx_hal_tim_ex.c.obj
 .debug_line    0x000000000000a3e5     0x3ace CMakeFiles/esc_adapter.elf.dir/Drivers/STM32F0xx_HAL_Driver/Src/stm32f0xx_hal_uart.c.obj
 .debug_line    0x000000000000deb3      0x721 CMakeFiles/esc_adapter.elf.dir/Drivers/STM32F0xx_HAL_Driver/Src/stm32f0xx_hal_uart_ex.c.obj
 .debug_line    0x000000000000e5d4       0x6c /usr/lib/gcc/arm-none-eabi/9.2.1/thumb/v6-m/nofp/libgcc.a(_udivsi3.o)
 .debug_line    0x000000000000e640       0x60 /usr/lib/gcc/arm-none-eabi/9.2.1/thumb/v6-m/nofp/libgcc.a(_dvmd_tls.o)
 .debug_line    0x000000000000e6a0      0x152 /usr/lib/gcc/arm-none-eabi/9.2.1/../../../arm-none-eabi/lib/thumb/v6-m/nofp/libg.a(lib_a-atexit.o)
 .debug_line    0x000000000000e7f2       0xe9 /usr/lib/gcc/arm-none-eabi/9.2.1/../../../arm-none-eabi/lib/thumb/v6-m/nofp/libg.a(lib_a-fini.o)
 .debug_line    0x000000000000e8db       0xe3 /usr/lib/gcc/arm-none-eabi/9.2.1/../../../arm-none-eabi/lib/thumb/v6-m/nofp/libg.a(lib_a-impure.o)
 .debug_line    0x000000000000e9be      0x126 /usr/lib/gcc/arm-none-eabi/9.2.1/../../../arm-none-eabi/lib/thumb/v6-m/nofp/libg.a(lib_a-init.o)
 .debug_line    0x000000000000eae4      0x28d /usr/lib/gcc/arm-none-eabi/9.2.1/../../../arm-none-eabi/lib/thumb/v6-m/nofp/libg.a(lib_a-memset.o)
 .debug_line    0x000000000000ed71      0x1f9 /usr/lib/gcc/arm-none-eabi/9.2.1/../../../arm-none-eabi/lib/thumb/v6-m/nofp/libg.a(lib_a-__atexit.o)
 .debug_line    0x000000000000ef6a      0x2a4 /usr/lib/gcc/arm-none-eabi/9.2.1/../../../arm-none-eabi/lib/thumb/v6-m/nofp/libg.a(lib_a-__call_atexit.o)

.debug_str      0x0000000000000000     0x45d6
 .debug_str     0x0000000000000000      0x30d CMakeFiles/esc_adapter.elf.dir/Core/Src/device.c.obj
                                        0x348 (size before relaxing)
 .debug_str     0x000000000000030d      0xbc4 CMakeFiles/esc_adapter.elf.dir/Core/Src/esc_adapter.c.obj
                                        0xf6d (size before relaxing)
 .debug_str     0x0000000000000ed1      0x451 CMakeFiles/esc_adapter.elf.dir/Core/Src/main.c.obj
                                        0xe3e (size before relaxing)
 .debug_str     0x0000000000001322      0x2bb CMakeFiles/esc_adapter.elf.dir/Core/Src/stm32f0xx_hal_msp.c.obj
                                        0xc85 (size before relaxing)
 .debug_str     0x00000000000015dd       0xb8 CMakeFiles/esc_adapter.elf.dir/Core/Src/stm32f0xx_it.c.obj
                                        0x720 (size before relaxing)
 .debug_str     0x0000000000001695       0x81 CMakeFiles/esc_adapter.elf.dir/Core/Src/system_stm32f0xx.c.obj
                                        0x340 (size before relaxing)
 .debug_str     0x0000000000001716       0x58 CMakeFiles/esc_adapter.elf.dir/Core/Startup/startup_stm32f030f4px.s.obj
                                         0x8f (size before relaxing)
 .debug_str     0x000000000000176e      0x23b CMakeFiles/esc_adapter.elf.dir/Drivers/STM32F0xx_HAL_Driver/Src/stm32f0xx_hal.c.obj
                                        0x6e1 (size before relaxing)
 .debug_str     0x00000000000019a9      0x272 CMakeFiles/esc_adapter.elf.dir/Drivers/STM32F0xx_HAL_Driver/Src/stm32f0xx_hal_cortex.c.obj
                                        0x6c1 (size before relaxing)
 .debug_str     0x0000000000001c1b      0x274 CMakeFiles/esc_adapter.elf.dir/Drivers/STM32F0xx_HAL_Driver/Src/stm32f0xx_hal_dma.c.obj
                                        0x724 (size before relaxing)
 .debug_str     0x0000000000001e8f      0x161 CMakeFiles/esc_adapter.elf.dir/Drivers/STM32F0xx_HAL_Driver/Src/stm32f0xx_hal_gpio.c.obj
                                        0x504 (size before relaxing)
 .debug_str     0x0000000000001ff0      0x1f6 CMakeFiles/esc_adapter.elf.dir/Drivers/STM32F0xx_HAL_Driver/Src/stm32f0xx_hal_rcc.c.obj
                                        0x703 (size before relaxing)
 .debug_str     0x00000000000021e6       0xb9 CMakeFiles/esc_adapter.elf.dir/Drivers/STM32F0xx_HAL_Driver/Src/stm32f0xx_hal_rcc_ex.c.obj
                                        0x4b5 (size before relaxing)
 .debug_str     0x000000000000229f      0xe5b CMakeFiles/esc_adapter.elf.dir/Drivers/STM32F0xx_HAL_Driver/Src/stm32f0xx_hal_tim.c.obj
                                       0x1743 (size before relaxing)
 .debug_str     0x00000000000030fa      0x504 CMakeFiles/esc_adapter.elf.dir/Drivers/STM32F0xx_HAL_Driver/Src/stm32f0xx_hal_tim_ex.c.obj
                                        0xf44 (size before relaxing)
 .debug_str     0x00000000000035fe      0x70c CMakeFiles/esc_adapter.elf.dir/Drivers/STM32F0xx_HAL_Driver/Src/stm32f0xx_hal_uart.c.obj
                                        0xf5a (size before relaxing)
 .debug_str     0x0000000000003d0a      0x109 CMakeFiles/esc_adapter.elf.dir/Drivers/STM32F0xx_HAL_Driver/Src/stm32f0xx_hal_uart_ex.c.obj
                                        0x8bf (size before relaxing)
 .debug_str     0x0000000000003e13       0xa3 /usr/lib/gcc/arm-none-eabi/9.2.1/thumb/v6-m/nofp/libgcc.a(_udivsi3.o)
 .debug_str     0x0000000000003eb6       0xa3 /usr/lib/gcc/arm-none-eabi/9.2.1/thumb/v6-m/nofp/libgcc.a(_dvmd_tls.o)
 .debug_str     0x0000000000003eb6      0x16d /usr/lib/gcc/arm-none-eabi/9.2.1/../../../arm-none-eabi/lib/thumb/v6-m/nofp/libg.a(lib_a-atexit.o)
                                        0x5e8 (size before relaxing)
 .debug_str     0x0000000000004023       0xbd /usr/lib/gcc/arm-none-eabi/9.2.1/../../../arm-none-eabi/lib/thumb/v6-m/nofp/libg.a(lib_a-fini.o)
                                        0x1f7 (size before relaxing)
 .debug_str     0x00000000000040e0       0x97 /usr/lib/gcc/arm-none-eabi/9.2.1/../../../arm-none-eabi/lib/thumb/v6-m/nofp/libg.a(lib_a-impure.o)
                                        0x59d (size before relaxing)
 .debug_str     0x0000000000004177       0x90 /usr/lib/gcc/arm-none-eabi/9.2.1/../../../arm-none-eabi/lib/thumb/v6-m/nofp/libg.a(lib_a-init.o)
                                        0x221 (size before relaxing)
 .debug_str     0x0000000000004207      0x30c /usr/lib/gcc/arm-none-eabi/9.2.1/../../../arm-none-eabi/lib/thumb/v6-m/nofp/libg.a(lib_a-memset.o)
                                        0x8ca (size before relaxing)
 .debug_str     0x0000000000004513       0x4f /usr/lib/gcc/arm-none-eabi/9.2.1/../../../arm-none-eabi/lib/thumb/v6-m/nofp/libg.a(lib_a-__atexit.o)
                                        0x606 (size before relaxing)
 .debug_str     0x0000000000004562       0x74 /usr/lib/gcc/arm-none-eabi/9.2.1/../../../arm-none-eabi/lib/thumb/v6-m/nofp/libg.a(lib_a-__call_atexit.o)
                                        0x619 (size before relaxing)

.debug_frame    0x0000000000000000     0x2010
 .debug_frame   0x0000000000000000       0x20 CMakeFiles/esc_adapter.elf.dir/Core/Src/device.c.obj
 .debug_frame   0x0000000000000020       0xa0 CMakeFiles/esc_adapter.elf.dir/Core/Src/esc_adapter.c.obj
 .debug_frame   0x00000000000000c0       0x94 CMakeFiles/esc_adapter.elf.dir/Core/Src/main.c.obj
 .debug_frame   0x0000000000000154       0x98 CMakeFiles/esc_adapter.elf.dir/Core/Src/stm32f0xx_hal_msp.c.obj
 .debug_frame   0x00000000000001ec       0x80 CMakeFiles/esc_adapter.elf.dir/Core/Src/stm32f0xx_it.c.obj
 .debug_frame   0x000000000000026c       0x38 CMakeFiles/esc_adapter.elf.dir/Core/Src/system_stm32f0xx.c.obj
 .debug_frame   0x00000000000002a4      0x1ac CMakeFiles/esc_adapter.elf.dir/Drivers/STM32F0xx_HAL_Driver/Src/stm32f0xx_hal.c.obj
 .debug_frame   0x0000000000000450       0xe4 CMakeFiles/esc_adapter.elf.dir/Drivers/STM32F0xx_HAL_Driver/Src/stm32f0xx_hal_cortex.c.obj
 .debug_frame   0x0000000000000534      0x168 CMakeFiles/esc_adapter.elf.dir/Drivers/STM32F0xx_HAL_Driver/Src/stm32f0xx_hal_dma.c.obj
 .debug_frame   0x000000000000069c       0xc0 CMakeFiles/esc_adapter.elf.dir/Drivers/STM32F0xx_HAL_Driver/Src/stm32f0xx_hal_gpio.c.obj
 .debug_frame   0x000000000000075c      0x13c CMakeFiles/esc_adapter.elf.dir/Drivers/STM32F0xx_HAL_Driver/Src/stm32f0xx_hal_rcc.c.obj
 .debug_frame   0x0000000000000898       0x58 CMakeFiles/esc_adapter.elf.dir/Drivers/STM32F0xx_HAL_Driver/Src/stm32f0xx_hal_rcc_ex.c.obj
 .debug_frame   0x00000000000008f0      0xad0 CMakeFiles/esc_adapter.elf.dir/Drivers/STM32F0xx_HAL_Driver/Src/stm32f0xx_hal_tim.c.obj
 .debug_frame   0x00000000000013c0      0x420 CMakeFiles/esc_adapter.elf.dir/Drivers/STM32F0xx_HAL_Driver/Src/stm32f0xx_hal_tim_ex.c.obj
 .debug_frame   0x00000000000017e0      0x624 CMakeFiles/esc_adapter.elf.dir/Drivers/STM32F0xx_HAL_Driver/Src/stm32f0xx_hal_uart.c.obj
 .debug_frame   0x0000000000001e04       0xb0 CMakeFiles/esc_adapter.elf.dir/Drivers/STM32F0xx_HAL_Driver/Src/stm32f0xx_hal_uart_ex.c.obj
 .debug_frame   0x0000000000001eb4       0x20 /usr/lib/gcc/arm-none-eabi/9.2.1/thumb/v6-m/nofp/libgcc.a(_udivsi3.o)
 .debug_frame   0x0000000000001ed4       0x28 /usr/lib/gcc/arm-none-eabi/9.2.1/../../../arm-none-eabi/lib/thumb/v6-m/nofp/libg.a(lib_a-atexit.o)
 .debug_frame   0x0000000000001efc       0x2c /usr/lib/gcc/arm-none-eabi/9.2.1/../../../arm-none-eabi/lib/thumb/v6-m/nofp/libg.a(lib_a-fini.o)
 .debug_frame   0x0000000000001f28       0x2c /usr/lib/gcc/arm-none-eabi/9.2.1/../../../arm-none-eabi/lib/thumb/v6-m/nofp/libg.a(lib_a-init.o)
 .debug_frame   0x0000000000001f54       0x30 /usr/lib/gcc/arm-none-eabi/9.2.1/../../../arm-none-eabi/lib/thumb/v6-m/nofp/libg.a(lib_a-memset.o)
 .debug_frame   0x0000000000001f84       0x38 /usr/lib/gcc/arm-none-eabi/9.2.1/../../../arm-none-eabi/lib/thumb/v6-m/nofp/libg.a(lib_a-__atexit.o)
 .debug_frame   0x0000000000001fbc       0x54 /usr/lib/gcc/arm-none-eabi/9.2.1/../../../arm-none-eabi/lib/thumb/v6-m/nofp/libg.a(lib_a-__call_atexit.o)

.debug_loc      0x0000000000000000     0xdfcb
 .debug_loc     0x0000000000000000       0x67 CMakeFiles/esc_adapter.elf.dir/Core/Src/esc_adapter.c.obj
 .debug_loc     0x0000000000000067      0x102 CMakeFiles/esc_adapter.elf.dir/Core/Src/stm32f0xx_hal_msp.c.obj
 .debug_loc     0x0000000000000169      0x167 CMakeFiles/esc_adapter.elf.dir/Core/Src/system_stm32f0xx.c.obj
 .debug_loc     0x00000000000002d0      0x141 CMakeFiles/esc_adapter.elf.dir/Drivers/STM32F0xx_HAL_Driver/Src/stm32f0xx_hal.c.obj
 .debug_loc     0x0000000000000411      0x433 CMakeFiles/esc_adapter.elf.dir/Drivers/STM32F0xx_HAL_Driver/Src/stm32f0xx_hal_cortex.c.obj
 .debug_loc     0x0000000000000844      0x91b CMakeFiles/esc_adapter.elf.dir/Drivers/STM32F0xx_HAL_Driver/Src/stm32f0xx_hal_dma.c.obj
 .debug_loc     0x000000000000115f      0x388 CMakeFiles/esc_adapter.elf.dir/Drivers/STM32F0xx_HAL_Driver/Src/stm32f0xx_hal_gpio.c.obj
 .debug_loc     0x00000000000014e7      0x607 CMakeFiles/esc_adapter.elf.dir/Drivers/STM32F0xx_HAL_Driver/Src/stm32f0xx_hal_rcc.c.obj
 .debug_loc     0x0000000000001aee      0x397 CMakeFiles/esc_adapter.elf.dir/Drivers/STM32F0xx_HAL_Driver/Src/stm32f0xx_hal_rcc_ex.c.obj
 .debug_loc     0x0000000000001e85     0x55e6 CMakeFiles/esc_adapter.elf.dir/Drivers/STM32F0xx_HAL_Driver/Src/stm32f0xx_hal_tim.c.obj
 .debug_loc     0x000000000000746b     0x224b CMakeFiles/esc_adapter.elf.dir/Drivers/STM32F0xx_HAL_Driver/Src/stm32f0xx_hal_tim_ex.c.obj
 .debug_loc     0x00000000000096b6     0x395b CMakeFiles/esc_adapter.elf.dir/Drivers/STM32F0xx_HAL_Driver/Src/stm32f0xx_hal_uart.c.obj
 .debug_loc     0x000000000000d011      0x861 CMakeFiles/esc_adapter.elf.dir/Drivers/STM32F0xx_HAL_Driver/Src/stm32f0xx_hal_uart_ex.c.obj
 .debug_loc     0x000000000000d872       0x32 /usr/lib/gcc/arm-none-eabi/9.2.1/../../../arm-none-eabi/lib/thumb/v6-m/nofp/libg.a(lib_a-atexit.o)
 .debug_loc     0x000000000000d8a4       0x46 /usr/lib/gcc/arm-none-eabi/9.2.1/../../../arm-none-eabi/lib/thumb/v6-m/nofp/libg.a(lib_a-fini.o)
 .debug_loc     0x000000000000d8ea       0x98 /usr/lib/gcc/arm-none-eabi/9.2.1/../../../arm-none-eabi/lib/thumb/v6-m/nofp/libg.a(lib_a-init.o)
 .debug_loc     0x000000000000d982      0x2d9 /usr/lib/gcc/arm-none-eabi/9.2.1/../../../arm-none-eabi/lib/thumb/v6-m/nofp/libg.a(lib_a-memset.o)
 .debug_loc     0x000000000000dc5b      0x164 /usr/lib/gcc/arm-none-eabi/9.2.1/../../../arm-none-eabi/lib/thumb/v6-m/nofp/libg.a(lib_a-__atexit.o)
 .debug_loc     0x000000000000ddbf      0x20c /usr/lib/gcc/arm-none-eabi/9.2.1/../../../arm-none-eabi/lib/thumb/v6-m/nofp/libg.a(lib_a-__call_atexit.o)
